Archive member included to satisfy reference by file (symbol)

C:/nxp/MCUXpressoIDE_25.6.136/ide/plugins/com.nxp.mcuxpresso.tools.win32_25.6.0.202501151204/tools/bin/../lib/gcc/arm-none-eabi/14.2.1/../../../../arm-none-eabi/lib/thumb/v8-m.main/nofp\libcr_nohost_nf.a(_cr__main.o)
                              ./startup/startup_mcxa153.o (__main)
C:/nxp/MCUXpressoIDE_25.6.136/ide/plugins/com.nxp.mcuxpresso.tools.win32_25.6.0.202501151204/tools/bin/../lib/gcc/arm-none-eabi/14.2.1/../../../../arm-none-eabi/lib/thumb/v8-m.main/nofp\libcr_c.a(memcpy.o)
                              ./utilities/str/fsl_str.o (memcpy)
C:/nxp/MCUXpressoIDE_25.6.136/ide/plugins/com.nxp.mcuxpresso.tools.win32_25.6.0.202501151204/tools/bin/../lib/gcc/arm-none-eabi/14.2.1/../../../../arm-none-eabi/lib/thumb/v8-m.main/nofp\libcr_c.a(memset.o)
                              ./utilities/debug_console/fsl_debug_console.o (memset)
C:/nxp/MCUXpressoIDE_25.6.136/ide/plugins/com.nxp.mcuxpresso.tools.win32_25.6.0.202501151204/tools/bin/../lib/gcc/arm-none-eabi/14.2.1/../../../../arm-none-eabi/lib/thumb/v8-m.main/nofp\libcr_c.a(alloc.o)
                              ./drivers/fsl_common.o (malloc)
C:/nxp/MCUXpressoIDE_25.6.136/ide/plugins/com.nxp.mcuxpresso.tools.win32_25.6.0.202501151204/tools/bin/../lib/gcc/arm-none-eabi/14.2.1/../../../../arm-none-eabi/lib/thumb/v8-m.main/nofp\libcr_c.a(errno.o)
                              ./utilities/str/fsl_str.o (errno)
C:/nxp/MCUXpressoIDE_25.6.136/ide/plugins/com.nxp.mcuxpresso.tools.win32_25.6.0.202501151204/tools/bin/../lib/gcc/arm-none-eabi/14.2.1/../../../../arm-none-eabi/lib/thumb/v8-m.main/nofp\libcr_c.a(initio.o)
                              C:/nxp/MCUXpressoIDE_25.6.136/ide/plugins/com.nxp.mcuxpresso.tools.win32_25.6.0.202501151204/tools/bin/../lib/gcc/arm-none-eabi/14.2.1/../../../../arm-none-eabi/lib/thumb/v8-m.main/nofp\libcr_nohost_nf.a(_cr__main.o) (_initio)
C:/nxp/MCUXpressoIDE_25.6.136/ide/plugins/com.nxp.mcuxpresso.tools.win32_25.6.0.202501151204/tools/bin/../lib/gcc/arm-none-eabi/14.2.1/../../../../arm-none-eabi/lib/thumb/v8-m.main/nofp\libcr_c.a(printf.o)
                              ./source/game.o (_snprintf)
C:/nxp/MCUXpressoIDE_25.6.136/ide/plugins/com.nxp.mcuxpresso.tools.win32_25.6.0.202501151204/tools/bin/../lib/gcc/arm-none-eabi/14.2.1/../../../../arm-none-eabi/lib/thumb/v8-m.main/nofp\libcr_c.a(scanf.o)
                              ./utilities/str/fsl_str.o (strtoul)
C:/nxp/MCUXpressoIDE_25.6.136/ide/plugins/com.nxp.mcuxpresso.tools.win32_25.6.0.202501151204/tools/bin/../lib/gcc/arm-none-eabi/14.2.1/../../../../arm-none-eabi/lib/thumb/v8-m.main/nofp\libcr_c.a(setvbuf.o)
                              C:/nxp/MCUXpressoIDE_25.6.136/ide/plugins/com.nxp.mcuxpresso.tools.win32_25.6.0.202501151204/tools/bin/../lib/gcc/arm-none-eabi/14.2.1/../../../../arm-none-eabi/lib/thumb/v8-m.main/nofp\libcr_c.a(initio.o) (setvbuf)
C:/nxp/MCUXpressoIDE_25.6.136/ide/plugins/com.nxp.mcuxpresso.tools.win32_25.6.0.202501151204/tools/bin/../lib/gcc/arm-none-eabi/14.2.1/../../../../arm-none-eabi/lib/thumb/v8-m.main/nofp\libcr_c.a(strlen.o)
                              ./utilities/str/fsl_str.o (strlen)
C:/nxp/MCUXpressoIDE_25.6.136/ide/plugins/com.nxp.mcuxpresso.tools.win32_25.6.0.202501151204/tools/bin/../lib/gcc/arm-none-eabi/14.2.1/../../../../arm-none-eabi/lib/thumb/v8-m.main/nofp\libcr_c.a(ungetc.o)
                              C:/nxp/MCUXpressoIDE_25.6.136/ide/plugins/com.nxp.mcuxpresso.tools.win32_25.6.0.202501151204/tools/bin/../lib/gcc/arm-none-eabi/14.2.1/../../../../arm-none-eabi/lib/thumb/v8-m.main/nofp\libcr_c.a(scanf.o) (ungetc)
C:/nxp/MCUXpressoIDE_25.6.136/ide/plugins/com.nxp.mcuxpresso.tools.win32_25.6.0.202501151204/tools/bin/../lib/gcc/arm-none-eabi/14.2.1/../../../../arm-none-eabi/lib/thumb/v8-m.main/nofp\libcr_c.a(__fillbuf.o)
                              C:/nxp/MCUXpressoIDE_25.6.136/ide/plugins/com.nxp.mcuxpresso.tools.win32_25.6.0.202501151204/tools/bin/../lib/gcc/arm-none-eabi/14.2.1/../../../../arm-none-eabi/lib/thumb/v8-m.main/nofp\libcr_c.a(scanf.o) (__filbuf)
C:/nxp/MCUXpressoIDE_25.6.136/ide/plugins/com.nxp.mcuxpresso.tools.win32_25.6.0.202501151204/tools/bin/../lib/gcc/arm-none-eabi/14.2.1/../../../../arm-none-eabi/lib/thumb/v8-m.main/nofp\libcr_c.a(__init_alloc.o)
                              C:/nxp/MCUXpressoIDE_25.6.136/ide/plugins/com.nxp.mcuxpresso.tools.win32_25.6.0.202501151204/tools/bin/../lib/gcc/arm-none-eabi/14.2.1/../../../../arm-none-eabi/lib/thumb/v8-m.main/nofp\libcr_c.a(alloc.o) (__heaps)
C:/nxp/MCUXpressoIDE_25.6.136/ide/plugins/com.nxp.mcuxpresso.tools.win32_25.6.0.202501151204/tools/bin/../lib/gcc/arm-none-eabi/14.2.1/../../../../arm-none-eabi/lib/thumb/v8-m.main/nofp\libcr_c.a(_cr_sbrk.o)
                              C:/nxp/MCUXpressoIDE_25.6.136/ide/plugins/com.nxp.mcuxpresso.tools.win32_25.6.0.202501151204/tools/bin/../lib/gcc/arm-none-eabi/14.2.1/../../../../arm-none-eabi/lib/thumb/v8-m.main/nofp\libcr_c.a(alloc.o) (_sbrk)
[...]
Memory Configuration

Name             Origin             Length             Attributes
PROGRAM_FLASH    0x00000000         0x00020000         xr
SRAM             0x20000000         0x00006000         xrw
SRAMX0           0x04000000         0x00002000         xrw
SRAMX1           0x04002000         0x00001000         xrw
*default*        0x00000000         0xffffffff

Linker script and memory map

LOAD ./utilities/str/fsl_str.o
LOAD ./utilities/debug_console/fsl_debug_console.o
LOAD ./utilities/fsl_assert.o
LOAD ./startup/startup_mcxa153.o
LOAD ./source/MCXA153_Project3.o
LOAD ./source/display.o
LOAD ./source/game.o
LOAD ./source/gfx.o
LOAD ./source/keypad.o
LOAD ./source/semihost_hardfault.o
LOAD ./drivers/fsl_clock.o
LOAD ./drivers/fsl_common.o
LOAD ./drivers/fsl_common_arm.o
LOAD ./drivers/fsl_edma.o
LOAD ./drivers/fsl_edma_soc.o
LOAD ./drivers/fsl_gpio.o
LOAD ./drivers/fsl_lpspi.o
LOAD ./drivers/fsl_lpspi_edma.o
LOAD ./drivers/fsl_lpuart.o
LOAD ./drivers/fsl_reset.o
LOAD ./drivers/fsl_spc.o
LOAD ./device/system_MCXA153.o
LOAD ./component/uart/fsl_adapter_lpuart.o
LOAD ./component/serial_manager/fsl_component_serial_manager.o
LOAD ./component/serial_manager/fsl_component_serial_port_uart.o
LOAD ./component/lists/fsl_component_generic_list.o
LOAD ./board/board.o
LOAD ./board/clock_config.o
LOAD ./board/peripherals.o
LOAD ./board/pin_mux.o
START GROUP
LOAD C:/nxp/MCUXpressoIDE_25.6.136/ide/plugins/com.nxp.mcuxpresso.tools.win32_25.6.0.202501151204/tools/bin/../lib/gcc/arm-none-eabi/14.2.1/../../../../arm-none-eabi/lib/thumb/v8-m.main/nofp\libcr_nohost_nf.a
LOAD C:/nxp/MCUXpressoIDE_25.6.136/ide/plugins/com.nxp.mcuxpresso.tools.win32_25.6.0.202501151204/tools/bin/../lib/gcc/arm-none-eabi/14.2.1/../../../../arm-none-eabi/lib/thumb/v8-m.main/nofp\libcr_c.a
LOAD C:/nxp/MCUXpressoIDE_25.6.136/ide/plugins/com.nxp.mcuxpresso.tools.win32_25.6.0.202501151204/tools/bin/../lib/gcc/arm-none-eabi/14.2.1/thumb/v8-m.main/nofp\libcr_eabihelpers.a
LOAD C:/nxp/MCUXpressoIDE_25.6.136/ide/plugins/com.nxp.mcuxpresso.tools.win32_25.6.0.202501151204/tools/bin/../lib/gcc/arm-none-eabi/14.2.1/thumb/v8-m.main/nofp\libgcc.a
END GROUP
                0x00000000                        __base_PROGRAM_FLASH = 0x0
                0x00000000                        __base_Flash = 0x0
                0x00020000                        __top_PROGRAM_FLASH = 0x20000
                0x00020000                        __top_Flash = 0x20000
                0x20000000                        __base_SRAM = 0x20000000
                0x20000000                        __base_RAM = 0x20000000
                0x20006000                        __top_SRAM = 0x20006000
                0x20006000                        __top_RAM = 0x20006000
                0x04000000                        __base_SRAMX0 = 0x4000000
                0x04000000                        __base_RAM2 = 0x4000000
                0x04002000                        __top_SRAMX0 = 0x4002000
                0x04002000                        __top_RAM2 = 0x4002000
                0x04002000                        __base_SRAMX1 = 0x4002000
                0x04002000                        __base_RAM3 = 0x4002000
                0x04003000                        __top_SRAMX1 = 0x4003000
                0x04003000                        __top_RAM3 = 0x4003000

.text           0x00000000     0x4e5c
 FILL mask 0xff
                0x00000000                        __vectors_start__ = ABSOLUTE (.)
 *(SORT_BY_ALIGNMENT(.isr_vector))
 .isr_vector    0x00000000      0x16c ./startup/startup_mcxa153.o
                0x00000000                g_pfnVectors
                0x00000000                __Vectors
                0x0000016c                        . = ALIGN (0x4)
                0x0000016c                        __section_table_start = .
                0x0000016c                        __data_section_table = .
                0x0000016c        0x4 LONG 0x4e5c LOADADDR (.data)
                0x00000170        0x4 LONG 0x20000000 ADDR (.data)
                0x00000174        0x4 LONG 0x24 SIZEOF (.data)
                0x00000178        0x4 LONG 0x4e5c LOADADDR (.data_RAM2)
                0x0000017c        0x4 LONG 0x4000000 ADDR (.data_RAM2)
                0x00000180        0x4 LONG 0x0 SIZEOF (.data_RAM2)
                0x00000184        0x4 LONG 0x4e5c LOADADDR (.data_RAM3)
                0x00000188        0x4 LONG 0x4002000 ADDR (.data_RAM3)
                0x0000018c        0x4 LONG 0x0 SIZEOF (.data_RAM3)
                0x00000190                        __data_section_table_end = .
                0x00000190                        __bss_section_table = .
                0x00000190        0x4 LONG 0x20000024 ADDR (.bss)
                0x00000194        0x4 LONG 0x2b1c SIZEOF (.bss)
                0x00000198        0x4 LONG 0x4000000 ADDR (.bss_RAM2)
                0x0000019c        0x4 LONG 0x0 SIZEOF (.bss_RAM2)
                0x000001a0        0x4 LONG 0x4002000 ADDR (.bss_RAM3)
                0x000001a4        0x4 LONG 0x0 SIZEOF (.bss_RAM3)
                0x000001a8                        __bss_section_table_end = .
                0x000001a8                        __section_table_end = .
 *(SORT_BY_ALIGNMENT(.after_vectors*))
 .after_vectors.reset
                0x000001a8       0x68 ./startup/startup_mcxa153.o
                0x000001a8                ResetISR
 .after_vectors.init_data
                0x00000210       0x1c ./startup/startup_mcxa153.o
                0x00000210                data_init
 .after_vectors.init_bss
                0x0000022c       0x12 ./startup/startup_mcxa153.o
                0x0000022c                bss_init
 .after_vectors
                0x0000023e       0x16 ./startup/startup_mcxa153.o
                0x0000023e                NMI_Handler
                0x00000242                MemManage_Handler
                0x00000244                BusFault_Handler
                0x00000246                UsageFault_Handler
                0x00000248                SecureFault_Handler
                0x0000024a                SVC_Handler
                0x0000024c                DebugMon_Handler
                0x0000024e                PendSV_Handler
                0x00000250                SysTick_Handler
                0x00000252                LPTMR0_DriverIRQHandler
                0x00000252                FLEXPWM0_SUBMODULE1_DriverIRQHandler
                0x00000252                MBC0_DriverIRQHandler
                0x00000252                WAKETIMER0_DriverIRQHandler
                0x00000252                I3C0_DriverIRQHandler
                0x00000252                LPI2C0_DriverIRQHandler
                0x00000252                FLEXPWM0_RELOAD_ERROR_DriverIRQHandler
                0x00000252                QDC0_HOME_DriverIRQHandler
                0x00000252                Reserved82_DriverIRQHandler
                0x00000252                QDC0_WATCHDOG_DriverIRQHandler
                0x00000252                ERM0_MULTI_BIT_DriverIRQHandler
                0x00000252                Reserved36_DriverIRQHandler
                0x00000252                CTIMER2_DriverIRQHandler
                0x00000252                Reserved33_DriverIRQHandler
                0x00000252                CMP1_DriverIRQHandler
                0x00000252                IntDefaultHandler
                0x00000252                USB0_DriverIRQHandler
                0x00000252                QDC0_INDEX_DriverIRQHandler
                0x00000252                Reserved39_DriverIRQHandler
                0x00000252                Reserved41_DriverIRQHandler
                0x00000252                FLEXPWM0_SUBMODULE2_DriverIRQHandler
                0x00000252                WWDT0_DriverIRQHandler
                0x00000252                Reserved84_DriverIRQHandler
                0x00000252                FLEXPWM0_FAULT_DriverIRQHandler
                0x00000252                GPIO0_DriverIRQHandler
                0x00000252                Reserved38_DriverIRQHandler
                0x00000252                FREQME0_DriverIRQHandler
                0x00000252                Reserved22_DriverIRQHandler
                0x00000252                Reserved53_DriverIRQHandler
                0x00000252                Reserved35_DriverIRQHandler
                0x00000252                CTIMER0_DriverIRQHandler
                0x00000252                Reserved79_DriverIRQHandler
                0x00000252                Reserved24_DriverIRQHandler
                0x00000252                CTIMER1_DriverIRQHandler
                0x00000252                QDC0_COMPARE_DriverIRQHandler
                0x00000252                WUU0_DriverIRQHandler
                0x00000252                Reserved83_DriverIRQHandler
                0x00000252                Reserved72_DriverIRQHandler
                0x00000252                Reserved23_DriverIRQHandler
                0x00000252                Reserved65_DriverIRQHandler
                0x00000252                ERM0_SINGLE_BIT_DriverIRQHandler
                0x00000252                CMC_DriverIRQHandler
                0x00000252                Reserved51_DriverIRQHandler
                0x00000252                Reserved25_DriverIRQHandler
                0x00000252                UTICK0_DriverIRQHandler
                0x00000252                FMU0_DriverIRQHandler
                0x00000252                Reserved77_DriverIRQHandler
                0x00000252                Reserved16_DriverIRQHandler
                0x00000252                GPIO2_DriverIRQHandler
                0x00000252                Reserved85_DriverIRQHandler
                0x00000252                ADC0_DriverIRQHandler
                0x00000252                CMP0_DriverIRQHandler
                0x00000252                CDOG0_DriverIRQHandler
                0x00000252                Reserved59_DriverIRQHandler
                0x00000252                Reserved58_DriverIRQHandler
                0x00000252                SPC0_DriverIRQHandler
                0x00000252                GLIKEY0_DriverIRQHandler
                0x00000252                Reserved43_DriverIRQHandler
                0x00000252                Reserved46_DriverIRQHandler
                0x00000252                Reserved37_DriverIRQHandler
                0x00000252                Reserved86_DriverIRQHandler
                0x00000252                GPIO1_DriverIRQHandler
                0x00000252                FLEXPWM0_SUBMODULE0_DriverIRQHandler
                0x00000252                Reserved50_DriverIRQHandler
                0x00000252                OS_EVENT_DriverIRQHandler
                0x00000252                SCG0_DriverIRQHandler
                0x00000252                GPIO3_DriverIRQHandler
 *(SORT_BY_ALIGNMENT(.text*))
 *fill*         0x00000254        0x4 ff
 .text.LPSPI_MasterSetDelayTimes
                0x00000258      0x298 ./drivers/fsl_lpspi.o
                0x00000258                LPSPI_MasterSetDelayTimes
 .text.DbgConsole_SendDataReliable
                0x000004f0       0x54 ./utilities/debug_console/fsl_debug_console.o
                0x000004f0                DbgConsole_SendDataReliable
 .text.DbgConsole_Vprintf
                0x00000544       0x68 ./utilities/debug_console/fsl_debug_console.o
                0x00000544                DbgConsole_Vprintf
 .text.__assertion_failed
                0x000005ac       0x3c ./utilities/fsl_assert.o
                0x000005ac                __assertion_failed
 .text.draw_logo_letters
                0x000005e8       0x68 ./source/MCXA153_Project3.o
 .text.main     0x00000650       0xf4 ./source/MCXA153_Project3.o
                0x00000650                main
 .text.CLOCK_EnableClock
                0x00000744       0x88 ./source/display.o
 .text.spi_write_buf
                0x000007cc       0x40 ./source/display.o
 .text.write_cmd
                0x0000080c       0x40 ./source/display.o
 .text.write_data
                0x0000084c       0x40 ./source/display.o
 .text.write_data_buf
                0x0000088c       0x40 ./source/display.o
 .text.gpio_init
                0x000008cc       0x68 ./source/display.o
 .text.spi_init
                0x00000934       0x68 ./source/display.o
 .text.st7735_init_seq
                0x0000099c      0x140 ./source/display.o
 .text.Display_BlitRect
                0x00000adc      0x10c ./source/display.o
                0x00000adc                Display_BlitRect
 .text.GFX_Init
                0x00000be8       0x18 ./source/gfx.o
                0x00000be8                GFX_Init
 .text.GFX_SetPixel
                0x00000c00       0x84 ./source/gfx.o
                0x00000c00                GFX_SetPixel
 .text.GFX_Clear
                0x00000c84       0x3c ./source/gfx.o
                0x00000c84                GFX_Clear
 .text.GFX_DrawChar
                0x00000cc0       0xe8 ./source/gfx.o
                0x00000cc0                GFX_DrawChar
 .text.GFX_Flush
                0x00000da8       0x94 ./source/gfx.o
                0x00000da8                GFX_Flush
 .text.CLOCK_SetClockSelect
                0x00000e3c       0x94 ./drivers/fsl_clock.o
                0x00000e3c                CLOCK_SetClockSelect
 .text.CLOCK_SetClockDiv
                0x00000ed0       0x7c ./drivers/fsl_clock.o
                0x00000ed0                CLOCK_SetClockDiv
 .text.CLOCK_GetFro12MFreq
                0x00000f4c       0x28 ./drivers/fsl_clock.o
 .text.CLOCK_GetClk1MFreq
                0x00000f74       0x14 ./drivers/fsl_clock.o
 .text.CLOCK_GetFroHfFreq
                0x00000f88       0xc0 ./drivers/fsl_clock.o
 .text.CLOCK_GetExtClkFreq
                0x00001048       0x2c ./drivers/fsl_clock.o
 .text.CLOCK_GetLpspiClkFreq
                0x00001074       0xbc ./drivers/fsl_clock.o
                0x00001074                CLOCK_GetLpspiClkFreq
 .text.EDMA_HandleIRQ
                0x00001130      0x1a0 ./drivers/fsl_edma.o
                0x00001130                EDMA_HandleIRQ
 .text.EDMA_DriverIRQHandler
                0x000012d0       0x48 ./drivers/fsl_edma.o
                0x000012d0                EDMA_DriverIRQHandler
 .text.CLOCK_EnableClock
                0x00001318       0x88 ./drivers/fsl_gpio.o
 .text.CLOCK_DisableClock
                0x000013a0       0x98 ./drivers/fsl_gpio.o
 .text.GPIO_GetInstance
                0x00001438       0x4c ./drivers/fsl_gpio.o
 .text.GPIO_PortClockEnable
                0x00001484       0x54 ./drivers/fsl_gpio.o
 .text.GPIO_PinInit
                0x000014d8       0x6c ./drivers/fsl_gpio.o
                0x000014d8                GPIO_PinInit
 .text.CLOCK_EnableClock
                0x00001544       0x88 ./drivers/fsl_lpspi.o
 .text.LPSPI_GetInstance
                0x000015cc       0x50 ./drivers/fsl_lpspi.o
                0x000015cc                LPSPI_GetInstance
 .text.LPSPI_SetDummyData
                0x0000161c       0x2c ./drivers/fsl_lpspi.o
                0x0000161c                LPSPI_SetDummyData
 .text.LPSPI_MasterInit
                0x00001648      0x18c ./drivers/fsl_lpspi.o
                0x00001648                LPSPI_MasterInit
 .text.LPSPI_MasterGetDefaultConfig
                0x000017d4       0xa0 ./drivers/fsl_lpspi.o
                0x000017d4                LPSPI_MasterGetDefaultConfig
 .text.LPSPI_MasterSetBaudRate
                0x00001874      0x100 ./drivers/fsl_lpspi.o
                0x00001874                LPSPI_MasterSetBaudRate
 .text.LPSPI_MasterSetDelayScaler
                0x00001974       0xb4 ./drivers/fsl_lpspi.o
                0x00001974                LPSPI_MasterSetDelayScaler
 .text.LPSPI_CheckTransferArgument
                0x00001a28       0xf4 ./drivers/fsl_lpspi.o
                0x00001a28                LPSPI_CheckTransferArgument
 .text.LPSPI_MasterTransferWriteAllTxData
                0x00001b1c      0x208 ./drivers/fsl_lpspi.o
 .text.LPSPI_MasterTransferBlocking
                0x00001d24      0x2b8 ./drivers/fsl_lpspi.o
                0x00001d24                LPSPI_MasterTransferBlocking
 .text.LPSPI_CombineWriteData
                0x00001fdc      0x1bc ./drivers/fsl_lpspi.o
 .text.LPSPI_SeparateReadData
                0x00002198      0x1b0 ./drivers/fsl_lpspi.o
 .text.LPSPI_CommonIRQHandler
                0x00002348       0x3c ./drivers/fsl_lpspi.o
 .text.LPSPI0_DriverIRQHandler
                0x00002384       0x30 ./drivers/fsl_lpspi.o
                0x00002384                LPSPI0_DriverIRQHandler
 .text.LPSPI1_DriverIRQHandler
                0x000023b4       0x30 ./drivers/fsl_lpspi.o
                0x000023b4                LPSPI1_DriverIRQHandler
 .text.LPUART_WriteBlocking
                0x000023e4       0x68 ./drivers/fsl_lpuart.o
                0x000023e4                LPUART_WriteBlocking
 .text.LPUART0_DriverIRQHandler
                0x0000244c       0x24 ./drivers/fsl_lpuart.o
                0x0000244c                LPUART0_DriverIRQHandler
 .text.LPUART1_DriverIRQHandler
                0x00002470       0x24 ./drivers/fsl_lpuart.o
                0x00002470                LPUART1_DriverIRQHandler
 .text.LPUART2_DriverIRQHandler
                0x00002494       0x24 ./drivers/fsl_lpuart.o
                0x00002494                LPUART2_DriverIRQHandler
 .text.RESET_SetPeripheralReset
                0x000024b8       0xb4 ./drivers/fsl_reset.o
                0x000024b8                RESET_SetPeripheralReset
 .text.SystemInit
                0x0000256c      0x140 ./device/system_MCXA153.o
                0x0000256c                SystemInit
 .text.HAL_UartSendBlocking
                0x000026ac       0x64 ./component/uart/fsl_adapter_lpuart.o
                0x000026ac                HAL_UartSendBlocking
 .text.CLOCK_EnableClock
                0x00002710       0x88 ./board/pin_mux.o
 .text.PORT_SetPinConfig
                0x00002798       0x38 ./board/pin_mux.o
 .text.BOARD_InitPins
                0x000027d0      0x280 ./board/pin_mux.o
                0x000027d0                BOARD_InitPins
 .text._initio  0x00002a50       0x78 C:/nxp/MCUXpressoIDE_25.6.136/ide/plugins/com.nxp.mcuxpresso.tools.win32_25.6.0.202501151204/tools/bin/../lib/gcc/arm-none-eabi/14.2.1/../../../../arm-none-eabi/lib/thumb/v8-m.main/nofp\libcr_c.a(initio.o)
                0x00002a50                _initio
 .text._Cwritebuf
                0x00002ac8       0x70 C:/nxp/MCUXpressoIDE_25.6.136/ide/plugins/com.nxp.mcuxpresso.tools.win32_25.6.0.202501151204/tools/bin/../lib/gcc/arm-none-eabi/14.2.1/../../../../arm-none-eabi/lib/thumb/v8-m.main/nofp\libcr_c.a(_writebuf.o)
                0x00002ac8                _Cwritebuf
 .text.fflush   0x00002b38       0x3c C:/nxp/MCUXpressoIDE_25.6.136/ide/plugins/com.nxp.mcuxpresso.tools.win32_25.6.0.202501151204/tools/bin/../lib/gcc/arm-none-eabi/14.2.1/../../../../arm-none-eabi/lib/thumb/v8-m.main/nofp\libcr_c.a(fflush.o)
                0x00002b38                fflush
 .text.fseek    0x00002b74       0xf8 C:/nxp/MCUXpressoIDE_25.6.136/ide/plugins/com.nxp.mcuxpresso.tools.win32_25.6.0.202501151204/tools/bin/../lib/gcc/arm-none-eabi/14.2.1/../../../../arm-none-eabi/lib/thumb/v8-m.main/nofp\libcr_c.a(fseek.o)
                0x00002b74                fseek
 .text.ftell    0x00002c6c       0x44 C:/nxp/MCUXpressoIDE_25.6.136/ide/plugins/com.nxp.mcuxpresso.tools.win32_25.6.0.202501151204/tools/bin/../lib/gcc/arm-none-eabi/14.2.1/../../../../arm-none-eabi/lib/thumb/v8-m.main/nofp\libcr_c.a(ftell.o)
                0x00002c6c                ftell
 .text.PrintGetWidth
                0x00002cb0       0x68 ./utilities/str/fsl_str.o
 .text.PrintGetPrecision
                0x00002d18       0x8a ./utilities/str/fsl_str.o
 .text.PrintIsobpu
                0x00002da2       0x36 ./utilities/str/fsl_str.o
 .text.PrintIsdi
                0x00002dd8       0x2a ./utilities/str/fsl_str.o
 .text.PrintOutputdifFobpu
                0x00002e02       0x44 ./utilities/str/fsl_str.o
 .text.PrintOutputxX
                0x00002e46       0x44 ./utilities/str/fsl_str.o
 .text.PrintIsfF
                0x00002e8a       0x2a ./utilities/str/fsl_str.o
 .text.PrintIsxX
                0x00002eb4       0x2a ./utilities/str/fsl_str.o
 .text.PrintFilterLengthFlag
                0x00002ede       0x3c ./utilities/str/fsl_str.o
 .text.PrintGetRadixFromobpu
                0x00002f1a       0x3e ./utilities/str/fsl_str.o
 .text.ConvertRadixNumToString
                0x00002f58       0xc0 ./utilities/str/fsl_str.o
 .text.StrFormatExaminedi
                0x00003018       0x24 ./utilities/str/fsl_str.o
 .text.StrFormatExaminexX
                0x0000303c       0x24 ./utilities/str/fsl_str.o
 .text.StrFormatExamineobpu
                0x00003060       0x24 ./utilities/str/fsl_str.o
 .text.ConvertPrecisionWidthToLength
                0x00003084       0x20 ./utilities/str/fsl_str.o
 .text.StrFormatPrintf
                0x000030a4      0x2bc ./utilities/str/fsl_str.o
                0x000030a4                StrFormatPrintf
 .text.DbgConsole_PrintCallback
                0x00003360       0x66 ./utilities/debug_console/fsl_debug_console.o
 .text.DbgConsole_Printf
                0x000033c6       0x2c ./utilities/debug_console/fsl_debug_console.o
                0x000033c6                DbgConsole_Printf
 .text.fsl_assert_hook
                0x000033f2       0x18 ./utilities/fsl_assert.o
                0x000033f2                fsl_assert_hook
 .text.Reserved16_IRQHandler
                0x0000340a        0x8 ./startup/startup_mcxa153.o
                0x0000340a                Reserved16_IRQHandler
 .text.CMC_IRQHandler
                0x00003412        0x8 ./startup/startup_mcxa153.o
                0x00003412                CMC_IRQHandler
 .text.DMA_CH0_IRQHandler
                0x0000341a        0x8 ./startup/startup_mcxa153.o
                0x0000341a                DMA_CH0_IRQHandler
 .text.DMA_CH1_IRQHandler
                0x00003422        0x8 ./startup/startup_mcxa153.o
                0x00003422                DMA_CH1_IRQHandler
 .text.DMA_CH2_IRQHandler
                0x0000342a        0x8 ./startup/startup_mcxa153.o
                0x0000342a                DMA_CH2_IRQHandler
 .text.DMA_CH3_IRQHandler
                0x00003432        0x8 ./startup/startup_mcxa153.o
                0x00003432                DMA_CH3_IRQHandler
 .text.Reserved22_IRQHandler
                0x0000343a        0x8 ./startup/startup_mcxa153.o
                0x0000343a                Reserved22_IRQHandler
 .text.Reserved23_IRQHandler
                0x00003442        0x8 ./startup/startup_mcxa153.o
                0x00003442                Reserved23_IRQHandler
 .text.Reserved24_IRQHandler
                0x0000344a        0x8 ./startup/startup_mcxa153.o
                0x0000344a                Reserved24_IRQHandler
 .text.Reserved25_IRQHandler
                0x00003452        0x8 ./startup/startup_mcxa153.o
                0x00003452                Reserved25_IRQHandler
 .text.ERM0_SINGLE_BIT_IRQHandler
                0x0000345a        0x8 ./startup/startup_mcxa153.o
                0x0000345a                ERM0_SINGLE_BIT_IRQHandler
 .text.ERM0_MULTI_BIT_IRQHandler
                0x00003462        0x8 ./startup/startup_mcxa153.o
                0x00003462                ERM0_MULTI_BIT_IRQHandler
 .text.FMU0_IRQHandler
                0x0000346a        0x8 ./startup/startup_mcxa153.o
                0x0000346a                FMU0_IRQHandler
 .text.GLIKEY0_IRQHandler
                0x00003472        0x8 ./startup/startup_mcxa153.o
                0x00003472                GLIKEY0_IRQHandler
 .text.MBC0_IRQHandler
                0x0000347a        0x8 ./startup/startup_mcxa153.o
                0x0000347a                MBC0_IRQHandler
 .text.SCG0_IRQHandler
                0x00003482        0x8 ./startup/startup_mcxa153.o
                0x00003482                SCG0_IRQHandler
 .text.SPC0_IRQHandler
                0x0000348a        0x8 ./startup/startup_mcxa153.o
                0x0000348a                SPC0_IRQHandler
 .text.Reserved33_IRQHandler
                0x00003492        0x8 ./startup/startup_mcxa153.o
                0x00003492                Reserved33_IRQHandler
 .text.WUU0_IRQHandler
                0x0000349a        0x8 ./startup/startup_mcxa153.o
                0x0000349a                WUU0_IRQHandler
 .text.Reserved35_IRQHandler
                0x000034a2        0x8 ./startup/startup_mcxa153.o
                0x000034a2                Reserved35_IRQHandler
 .text.Reserved36_IRQHandler
                0x000034aa        0x8 ./startup/startup_mcxa153.o
                0x000034aa                Reserved36_IRQHandler
 .text.Reserved37_IRQHandler
                0x000034b2        0x8 ./startup/startup_mcxa153.o
                0x000034b2                Reserved37_IRQHandler
 .text.Reserved38_IRQHandler
                0x000034ba        0x8 ./startup/startup_mcxa153.o
                0x000034ba                Reserved38_IRQHandler
 .text.Reserved39_IRQHandler
                0x000034c2        0x8 ./startup/startup_mcxa153.o
                0x000034c2                Reserved39_IRQHandler
 .text.I3C0_IRQHandler
                0x000034ca        0x8 ./startup/startup_mcxa153.o
                0x000034ca                I3C0_IRQHandler
 .text.Reserved41_IRQHandler
                0x000034d2        0x8 ./startup/startup_mcxa153.o
                0x000034d2                Reserved41_IRQHandler
 .text.LPI2C0_IRQHandler
                0x000034da        0x8 ./startup/startup_mcxa153.o
                0x000034da                LPI2C0_IRQHandler
 .text.Reserved43_IRQHandler
                0x000034e2        0x8 ./startup/startup_mcxa153.o
                0x000034e2                Reserved43_IRQHandler
 .text.LPSPI0_IRQHandler
                0x000034ea        0x8 ./startup/startup_mcxa153.o
                0x000034ea                LPSPI0_IRQHandler
 .text.LPSPI1_IRQHandler
                0x000034f2        0x8 ./startup/startup_mcxa153.o
                0x000034f2                LPSPI1_IRQHandler
 .text.Reserved46_IRQHandler
                0x000034fa        0x8 ./startup/startup_mcxa153.o
                0x000034fa                Reserved46_IRQHandler
 .text.LPUART0_IRQHandler
                0x00003502        0x8 ./startup/startup_mcxa153.o
                0x00003502                LPUART0_IRQHandler
 .text.LPUART1_IRQHandler
                0x0000350a        0x8 ./startup/startup_mcxa153.o
                0x0000350a                LPUART1_IRQHandler
 .text.LPUART2_IRQHandler
                0x00003512        0x8 ./startup/startup_mcxa153.o
                0x00003512                LPUART2_IRQHandler
 .text.Reserved50_IRQHandler
                0x0000351a        0x8 ./startup/startup_mcxa153.o
                0x0000351a                Reserved50_IRQHandler
 .text.Reserved51_IRQHandler
                0x00003522        0x8 ./startup/startup_mcxa153.o
                0x00003522                Reserved51_IRQHandler
 .text.USB0_IRQHandler
                0x0000352a        0x8 ./startup/startup_mcxa153.o
                0x0000352a                USB0_IRQHandler
 .text.Reserved53_IRQHandler
                0x00003532        0x8 ./startup/startup_mcxa153.o
                0x00003532                Reserved53_IRQHandler
 .text.CDOG0_IRQHandler
                0x0000353a        0x8 ./startup/startup_mcxa153.o
                0x0000353a                CDOG0_IRQHandler
 .text.CTIMER0_IRQHandler
                0x00003542        0x8 ./startup/startup_mcxa153.o
                0x00003542                CTIMER0_IRQHandler
 .text.CTIMER1_IRQHandler
                0x0000354a        0x8 ./startup/startup_mcxa153.o
                0x0000354a                CTIMER1_IRQHandler
 .text.CTIMER2_IRQHandler
                0x00003552        0x8 ./startup/startup_mcxa153.o
                0x00003552                CTIMER2_IRQHandler
 .text.Reserved58_IRQHandler
                0x0000355a        0x8 ./startup/startup_mcxa153.o
                0x0000355a                Reserved58_IRQHandler
 .text.Reserved59_IRQHandler
                0x00003562        0x8 ./startup/startup_mcxa153.o
                0x00003562                Reserved59_IRQHandler
 .text.FLEXPWM0_RELOAD_ERROR_IRQHandler
                0x0000356a        0x8 ./startup/startup_mcxa153.o
                0x0000356a                FLEXPWM0_RELOAD_ERROR_IRQHandler
 .text.FLEXPWM0_FAULT_IRQHandler
                0x00003572        0x8 ./startup/startup_mcxa153.o
                0x00003572                FLEXPWM0_FAULT_IRQHandler
 .text.FLEXPWM0_SUBMODULE0_IRQHandler
                0x0000357a        0x8 ./startup/startup_mcxa153.o
                0x0000357a                FLEXPWM0_SUBMODULE0_IRQHandler
 .text.FLEXPWM0_SUBMODULE1_IRQHandler
                0x00003582        0x8 ./startup/startup_mcxa153.o
                0x00003582                FLEXPWM0_SUBMODULE1_IRQHandler
 .text.FLEXPWM0_SUBMODULE2_IRQHandler
                0x0000358a        0x8 ./startup/startup_mcxa153.o
                0x0000358a                FLEXPWM0_SUBMODULE2_IRQHandler
 .text.Reserved65_IRQHandler
                0x00003592        0x8 ./startup/startup_mcxa153.o
                0x00003592                Reserved65_IRQHandler
 .text.QDC0_COMPARE_IRQHandler
                0x0000359a        0x8 ./startup/startup_mcxa153.o
                0x0000359a                QDC0_COMPARE_IRQHandler
 .text.QDC0_HOME_IRQHandler
                0x000035a2        0x8 ./startup/startup_mcxa153.o
                0x000035a2                QDC0_HOME_IRQHandler
 .text.QDC0_WATCHDOG_IRQHandler
                0x000035aa        0x8 ./startup/startup_mcxa153.o
                0x000035aa                QDC0_WATCHDOG_IRQHandler
 .text.QDC0_INDEX_IRQHandler
                0x000035b2        0x8 ./startup/startup_mcxa153.o
                0x000035b2                QDC0_INDEX_IRQHandler
 .text.FREQME0_IRQHandler
                0x000035ba        0x8 ./startup/startup_mcxa153.o
                0x000035ba                FREQME0_IRQHandler
 .text.LPTMR0_IRQHandler
                0x000035c2        0x8 ./startup/startup_mcxa153.o
                0x000035c2                LPTMR0_IRQHandler
 .text.Reserved72_IRQHandler
                0x000035ca        0x8 ./startup/startup_mcxa153.o
                0x000035ca                Reserved72_IRQHandler
 .text.OS_EVENT_IRQHandler
                0x000035d2        0x8 ./startup/startup_mcxa153.o
                0x000035d2                OS_EVENT_IRQHandler
 .text.WAKETIMER0_IRQHandler
                0x000035da        0x8 ./startup/startup_mcxa153.o
                0x000035da                WAKETIMER0_IRQHandler
 .text.UTICK0_IRQHandler
                0x000035e2        0x8 ./startup/startup_mcxa153.o
                0x000035e2                UTICK0_IRQHandler
 .text.WWDT0_IRQHandler
                0x000035ea        0x8 ./startup/startup_mcxa153.o
                0x000035ea                WWDT0_IRQHandler
 .text.Reserved77_IRQHandler
                0x000035f2        0x8 ./startup/startup_mcxa153.o
                0x000035f2                Reserved77_IRQHandler
 .text.ADC0_IRQHandler
                0x000035fa        0x8 ./startup/startup_mcxa153.o
                0x000035fa                ADC0_IRQHandler
 .text.Reserved79_IRQHandler
                0x00003602        0x8 ./startup/startup_mcxa153.o
                0x00003602                Reserved79_IRQHandler
 .text.CMP0_IRQHandler
                0x0000360a        0x8 ./startup/startup_mcxa153.o
                0x0000360a                CMP0_IRQHandler
 .text.CMP1_IRQHandler
                0x00003612        0x8 ./startup/startup_mcxa153.o
                0x00003612                CMP1_IRQHandler
 .text.Reserved82_IRQHandler
                0x0000361a        0x8 ./startup/startup_mcxa153.o
                0x0000361a                Reserved82_IRQHandler
 .text.Reserved83_IRQHandler
                0x00003622        0x8 ./startup/startup_mcxa153.o
                0x00003622                Reserved83_IRQHandler
 .text.Reserved84_IRQHandler
                0x0000362a        0x8 ./startup/startup_mcxa153.o
                0x0000362a                Reserved84_IRQHandler
 .text.Reserved85_IRQHandler
                0x00003632        0x8 ./startup/startup_mcxa153.o
                0x00003632                Reserved85_IRQHandler
 .text.Reserved86_IRQHandler
                0x0000363a        0x8 ./startup/startup_mcxa153.o
                0x0000363a                Reserved86_IRQHandler
 .text.GPIO0_IRQHandler
                0x00003642        0x8 ./startup/startup_mcxa153.o
                0x00003642                GPIO0_IRQHandler
 .text.GPIO1_IRQHandler
                0x0000364a        0x8 ./startup/startup_mcxa153.o
                0x0000364a                GPIO1_IRQHandler
 .text.GPIO2_IRQHandler
                0x00003652        0x8 ./startup/startup_mcxa153.o
                0x00003652                GPIO2_IRQHandler
 .text.GPIO3_IRQHandler
                0x0000365a        0x8 ./startup/startup_mcxa153.o
                0x0000365a                GPIO3_IRQHandler
 .text.delay_anim
                0x00003662       0x22 ./source/MCXA153_Project3.o
 .text.draw_dot
                0x00003684       0x34 ./source/MCXA153_Project3.o
 .text.RESET_ReleasePeripheralReset
                0x000036b8       0x1a ./source/display.o
 .text.GPIO_PinWrite
                0x000036d2       0x34 ./source/display.o
 .text.delay_ms
                0x00003706       0x3a ./source/display.o
 .text.spi_write_byte
                0x00003740       0x1c ./source/display.o
 .text.set_addr_window
                0x0000375c       0x78 ./source/display.o
 .text.Display_Init
                0x000037d4       0x14 ./source/display.o
                0x000037d4                Display_Init
 .text.fb_idx   0x000037e8       0x1e ./source/gfx.o
 .text.GFX_DrawHLine
                0x00003806       0x70 ./source/gfx.o
                0x00003806                GFX_DrawHLine
 .text.GFX_FillRect
                0x00003876       0xaa ./source/gfx.o
                0x00003876                GFX_FillRect
 .text.GFX_FillCircle
                0x00003920       0xc2 ./source/gfx.o
                0x00003920                GFX_FillCircle
 .text.GFX_DrawString
                0x000039e2       0xaa ./source/gfx.o
                0x000039e2                GFX_DrawString
 .text.HardFault_Handler
                0x00003a8c       0x36 ./source/semihost_hardfault.o
                0x00003a8c                HardFault_Handler
 .text.CLOCK_IsDivHalt
                0x00003ac2       0x22 ./drivers/fsl_clock.o
 .text.CLOCK_AttachClk
                0x00003ae4       0x30 ./drivers/fsl_clock.o
                0x00003ae4                CLOCK_AttachClk
 .text.DMA_CH0_DriverIRQHandler
                0x00003b14       0x10 ./drivers/fsl_edma_soc.o
                0x00003b14                DMA_CH0_DriverIRQHandler
 .text.DMA_CH1_DriverIRQHandler
                0x00003b24       0x10 ./drivers/fsl_edma_soc.o
                0x00003b24                DMA_CH1_DriverIRQHandler
 .text.DMA_CH2_DriverIRQHandler
                0x00003b34       0x10 ./drivers/fsl_edma_soc.o
                0x00003b34                DMA_CH2_DriverIRQHandler
 .text.DMA_CH3_DriverIRQHandler
                0x00003b44       0x10 ./drivers/fsl_edma_soc.o
                0x00003b44                DMA_CH3_DriverIRQHandler
 .text.GPIO_PinWrite
                0x00003b54       0x34 ./drivers/fsl_gpio.o
 .text.RESET_ReleasePeripheralReset
                0x00003b88       0x1a ./drivers/fsl_lpspi.o
 .text.LPSPI_Enable
                0x00003ba2       0x36 ./drivers/fsl_lpspi.o
 .text.LPSPI_GetStatusFlags
                0x00003bd8       0x16 ./drivers/fsl_lpspi.o
 .text.LPSPI_GetRxFifoSize
                0x00003bee       0x22 ./drivers/fsl_lpspi.o
 .text.LPSPI_GetTxFifoCount
                0x00003c10       0x1a ./drivers/fsl_lpspi.o
 .text.LPSPI_GetRxFifoCount
                0x00003c2a       0x1c ./drivers/fsl_lpspi.o
 .text.LPSPI_ClearStatusFlags
                0x00003c46       0x1a ./drivers/fsl_lpspi.o
 .text.LPSPI_GetTcr
                0x00003c60       0x44 ./drivers/fsl_lpspi.o
 .text.LPSPI_SetMasterSlaveMode
                0x00003ca4       0x2a ./drivers/fsl_lpspi.o
 .text.LPSPI_IsMaster
                0x00003cce       0x24 ./drivers/fsl_lpspi.o
 .text.LPSPI_FlushFifo
                0x00003cf2       0x42 ./drivers/fsl_lpspi.o
 .text.LPSPI_SetFifoWatermarks
                0x00003d34       0x2a ./drivers/fsl_lpspi.o
 .text.LPSPI_WriteData
                0x00003d5e       0x1a ./drivers/fsl_lpspi.o
 .text.LPSPI_ReadData
                0x00003d78       0x16 ./drivers/fsl_lpspi.o
 .text.LPSPI_SetOnePcsPolarity
                0x00003d8e       0x42 ./drivers/fsl_lpspi.o
 .text.LPSPI_MasterTransferClearTCR
                0x00003dd0       0x3a ./drivers/fsl_lpspi.o
 .text.LPSPI_MasterTransferReadDataInFifo
                0x00003e0a       0x88 ./drivers/fsl_lpspi.o
 .text.LPSPI_MasterTransferReadDataInFifoNoBuf
                0x00003e92       0x26 ./drivers/fsl_lpspi.o
 .text.LPSPI_WaitTxFifoEmpty
                0x00003eb8       0x22 ./drivers/fsl_lpspi.o
                0x00003eb8                LPSPI_WaitTxFifoEmpty
 .text.SystemInitHook
                0x00003eda        0xc ./device/system_MCXA153.o
                0x00003eda                SystemInitHook
 .text.SerialManager_StartWriting
                0x00003ee6       0x38 ./component/serial_manager/fsl_component_serial_manager.o
 .text.SerialManager_Write
                0x00003f1e       0x44 ./component/serial_manager/fsl_component_serial_manager.o
 .text.SerialManager_WriteBlocking
                0x00003f62       0x20 ./component/serial_manager/fsl_component_serial_manager.o
                0x00003f62                SerialManager_WriteBlocking
 .text.Serial_UartWrite
                0x00003f82       0x38 ./component/serial_manager/fsl_component_serial_port_uart.o
                0x00003f82                Serial_UartWrite
 .text.BOARD_InitBootClocks
                0x00003fba        0xc ./board/clock_config.o
                0x00003fba                BOARD_InitBootClocks
 .text.RESET_ReleasePeripheralReset
                0x00003fc6       0x1a ./board/pin_mux.o
 .text.BOARD_InitBootPins
                0x00003fe0        0xc ./board/pin_mux.o
                0x00003fe0                BOARD_InitBootPins
 .text.__main   0x00003fec        0xe C:/nxp/MCUXpressoIDE_25.6.136/ide/plugins/com.nxp.mcuxpresso.tools.win32_25.6.0.202501151204/tools/bin/../lib/gcc/arm-none-eabi/14.2.1/../../../../arm-none-eabi/lib/thumb/v8-m.main/nofp\libcr_nohost_nf.a(_cr__main.o)
                0x00003fec                __main
 .text.memcpy   0x00003ffa        0x4 C:/nxp/MCUXpressoIDE_25.6.136/ide/plugins/com.nxp.mcuxpresso.tools.win32_25.6.0.202501151204/tools/bin/../lib/gcc/arm-none-eabi/14.2.1/../../../../arm-none-eabi/lib/thumb/v8-m.main/nofp\libcr_c.a(memcpy.o)
                0x00003ffa                memcpy
 .text.memset   0x00003ffe        0x4 C:/nxp/MCUXpressoIDE_25.6.136/ide/plugins/com.nxp.mcuxpresso.tools.win32_25.6.0.202501151204/tools/bin/../lib/gcc/arm-none-eabi/14.2.1/../../../../arm-none-eabi/lib/thumb/v8-m.main/nofp\libcr_c.a(memset.o)
                0x00003ffe                memset
 .text.free     0x00004002       0x30 C:/nxp/MCUXpressoIDE_25.6.136/ide/plugins/com.nxp.mcuxpresso.tools.win32_25.6.0.202501151204/tools/bin/../lib/gcc/arm-none-eabi/14.2.1/../../../../arm-none-eabi/lib/thumb/v8-m.main/nofp\libcr_c.a(alloc.o)
                0x00004002                free
 .text.setvbuf  0x00004032       0x3e C:/nxp/MCUXpressoIDE_25.6.136/ide/plugins/com.nxp.mcuxpresso.tools.win32_25.6.0.202501151204/tools/bin/../lib/gcc/arm-none-eabi/14.2.1/../../../../arm-none-eabi/lib/thumb/v8-m.main/nofp\libcr_c.a(setvbuf.o)
                0x00004032                setvbuf
 .text.strlen   0x00004070       0x4e C:/nxp/MCUXpressoIDE_25.6.136/ide/plugins/com.nxp.mcuxpresso.tools.win32_25.6.0.202501151204/tools/bin/../lib/gcc/arm-none-eabi/14.2.1/../../../../arm-none-eabi/lib/thumb/v8-m.main/nofp\libcr_c.a(strlen.o)
                0x00004070                strlen
 .text._deferredlazyseek
                0x000040be       0x40 C:/nxp/MCUXpressoIDE_25.6.136/ide/plugins/com.nxp.mcuxpresso.tools.win32_25.6.0.202501151204/tools/bin/../lib/gcc/arm-none-eabi/14.2.1/../../../../arm-none-eabi/lib/thumb/v8-m.main/nofp\libcr_c.a(_deferredlazyseek.o)
                0x000040be                _deferredlazyseek
 .text._fdopen  0x000040fe       0x68 C:/nxp/MCUXpressoIDE_25.6.136/ide/plugins/com.nxp.mcuxpresso.tools.win32_25.6.0.202501151204/tools/bin/../lib/gcc/arm-none-eabi/14.2.1/../../../../arm-none-eabi/lib/thumb/v8-m.main/nofp\libcr_c.a(_fdopen.o)
                0x000040fe                _fdopen
 .text._fflush  0x00004166       0x52 C:/nxp/MCUXpressoIDE_25.6.136/ide/plugins/com.nxp.mcuxpresso.tools.win32_25.6.0.202501151204/tools/bin/../lib/gcc/arm-none-eabi/14.2.1/../../../../arm-none-eabi/lib/thumb/v8-m.main/nofp\libcr_c.a(_fflush.o)
                0x00004166                _fflush
 .text.fclose   0x000041b8       0x58 C:/nxp/MCUXpressoIDE_25.6.136/ide/plugins/com.nxp.mcuxpresso.tools.win32_25.6.0.202501151204/tools/bin/../lib/gcc/arm-none-eabi/14.2.1/../../../../arm-none-eabi/lib/thumb/v8-m.main/nofp\libcr_c.a(fclose.o)
                0x000041b8                fclose
 .text.remove   0x00004210       0x14 C:/nxp/MCUXpressoIDE_25.6.136/ide/plugins/com.nxp.mcuxpresso.tools.win32_25.6.0.202501151204/tools/bin/../lib/gcc/arm-none-eabi/14.2.1/../../../../arm-none-eabi/lib/thumb/v8-m.main/nofp\libcr_c.a(remove.o)
                0x00004210                remove
 .text._do_fflush
                0x00004224       0x40 C:/nxp/MCUXpressoIDE_25.6.136/ide/plugins/com.nxp.mcuxpresso.tools.win32_25.6.0.202501151204/tools/bin/../lib/gcc/arm-none-eabi/14.2.1/../../../../arm-none-eabi/lib/thumb/v8-m.main/nofp\libcr_c.a(_do_fflush.o)
                0x00004224                _do_fflush
 .text.__aeabi_division_uldivmod
                0x00004264      0x174 C:/nxp/MCUXpressoIDE_25.6.136/ide/plugins/com.nxp.mcuxpresso.tools.win32_25.6.0.202501151204/tools/bin/../lib/gcc/arm-none-eabi/14.2.1/thumb/v8-m.main/nofp\libcr_eabihelpers.a(division_64.o)
                0x00004264                __aeabi_uldivmod
                0x00004268                __bhs_ldivmod1
 .text.__aeabi_division_idiv0
                0x000043d8        0x2 C:/nxp/MCUXpressoIDE_25.6.136/ide/plugins/com.nxp.mcuxpresso.tools.win32_25.6.0.202501151204/tools/bin/../lib/gcc/arm-none-eabi/14.2.1/thumb/v8-m.main/nofp\libcr_eabihelpers.a(division_idiv0.o)
                0x000043d8                __aeabi_idiv0
 .text.__aeabi_memcpy
                0x000043da       0x34 C:/nxp/MCUXpressoIDE_25.6.136/ide/plugins/com.nxp.mcuxpresso.tools.win32_25.6.0.202501151204/tools/bin/../lib/gcc/arm-none-eabi/14.2.1/thumb/v8-m.main/nofp\libcr_eabihelpers.a(memcpy.o)
                0x000043da                __aeabi_memcpy
                0x000043e4                __aeabi_memcpy8
                0x000043e4                __aeabi_memcpy4
 .text.__aeabi_memset_lowlevel
                0x0000440e       0x32 C:/nxp/MCUXpressoIDE_25.6.136/ide/plugins/com.nxp.mcuxpresso.tools.win32_25.6.0.202501151204/tools/bin/../lib/gcc/arm-none-eabi/14.2.1/thumb/v8-m.main/nofp\libcr_eabihelpers.a(memcpy.o)
                0x0000440e                __aeabi_lowlevel_memset
 .text.__sys_close
                0x00004440        0x6 C:/nxp/MCUXpressoIDE_25.6.136/ide/plugins/com.nxp.mcuxpresso.tools.win32_25.6.0.202501151204/tools/bin/../lib/gcc/arm-none-eabi/14.2.1/../../../../arm-none-eabi/lib/thumb/v8-m.main/nofp\libcr_nohost_nf.a(__sys_close.o)
                0x00004440                __sys_close
 .text.__sys_flen
                0x00004446        0x6 C:/nxp/MCUXpressoIDE_25.6.136/ide/plugins/com.nxp.mcuxpresso.tools.win32_25.6.0.202501151204/tools/bin/../lib/gcc/arm-none-eabi/14.2.1/../../../../arm-none-eabi/lib/thumb/v8-m.main/nofp\libcr_nohost_nf.a(__sys_flen.o)
                0x00004446                __sys_flen
 .text.__sys_istty
                0x0000444c        0x6 C:/nxp/MCUXpressoIDE_25.6.136/ide/plugins/com.nxp.mcuxpresso.tools.win32_25.6.0.202501151204/tools/bin/../lib/gcc/arm-none-eabi/14.2.1/../../../../arm-none-eabi/lib/thumb/v8-m.main/nofp\libcr_nohost_nf.a(__sys_istty.o)
                0x0000444c                __sys_istty
 .text.__sys_remove
                0x00004452        0x6 C:/nxp/MCUXpressoIDE_25.6.136/ide/plugins/com.nxp.mcuxpresso.tools.win32_25.6.0.202501151204/tools/bin/../lib/gcc/arm-none-eabi/14.2.1/../../../../arm-none-eabi/lib/thumb/v8-m.main/nofp\libcr_nohost_nf.a(__sys_remove.o)
                0x00004452                __sys_remove
 .text.__sys_seek
                0x00004458        0x6 C:/nxp/MCUXpressoIDE_25.6.136/ide/plugins/com.nxp.mcuxpresso.tools.win32_25.6.0.202501151204/tools/bin/../lib/gcc/arm-none-eabi/14.2.1/../../../../arm-none-eabi/lib/thumb/v8-m.main/nofp\libcr_nohost_nf.a(__sys_seek.o)
                0x00004458                __sys_seek
 .text.__sys_tmpnam
                0x0000445e        0x6 C:/nxp/MCUXpressoIDE_25.6.136/ide/plugins/com.nxp.mcuxpresso.tools.win32_25.6.0.202501151204/tools/bin/../lib/gcc/arm-none-eabi/14.2.1/../../../../arm-none-eabi/lib/thumb/v8-m.main/nofp\libcr_nohost_nf.a(__sys_tmpnam.o)
                0x0000445e                __sys_tmpnam
 .text.__sys_write
                0x00004464        0x4 C:/nxp/MCUXpressoIDE_25.6.136/ide/plugins/com.nxp.mcuxpresso.tools.win32_25.6.0.202501151204/tools/bin/../lib/gcc/arm-none-eabi/14.2.1/../../../../arm-none-eabi/lib/thumb/v8-m.main/nofp\libcr_nohost_nf.a(__sys_write.o)
                0x00004464                __sys_write
 *(SORT_BY_ALIGNMENT(.rodata) SORT_BY_ALIGNMENT(.rodata.*) SORT_BY_ALIGNMENT(.constdata) SORT_BY_ALIGNMENT(.constdata.*))
 .rodata.__assertion_failed.str1.4
                0x00004468      0x479 ./utilities/fsl_assert.o
                                 0x14 (size before relaxing)
 .rodata.draw_logo_letters.str1.4
                0x000048e1        0x8 ./source/MCXA153_Project3.o
 .rodata.main.str1.4
                0x000048e1        0x8 ./source/MCXA153_Project3.o
 *fill*         0x000048e1        0x3 ff
 .rodata        0x000048e4       0x24 ./source/display.o
 .rodata.st7735_init_seq.str1.4
                0x00004908        0x8 ./source/display.o
 .rodata.glcd_font
                0x00004908      0x500 ./source/gfx.o
 .rodata.CLOCK_SetClockSelect.str1.4
                0x00004e08       0x2c ./drivers/fsl_clock.o
 .rodata.CLOCK_SetClockDiv.str1.4
                0x00004e08       0x2c ./drivers/fsl_clock.o
 .rodata.EDMA_HandleIRQ.str1.4
                0x00004e08       0x21 ./drivers/fsl_edma.o
 .rodata.s_gpioBases
                0x00004e08       0x10 ./drivers/fsl_gpio.o
 .rodata.s_gpioClockName
                0x00004e18       0x10 ./drivers/fsl_gpio.o
 .rodata.GPIO_GetInstance.str1.4
                0x00004e28       0x34 ./drivers/fsl_gpio.o
 .rodata.GPIO_PortClockEnable.str1.4
                0x00004e28       0x38 ./drivers/fsl_gpio.o
 .rodata.GPIO_PinInit.str1.4
                0x00004e28       0x20 ./drivers/fsl_gpio.o
 .rodata.s_baudratePrescaler
                0x00004e28        0x8 ./drivers/fsl_lpspi.o
 .rodata.s_lpspiBases
                0x00004e30        0x8 ./drivers/fsl_lpspi.o
 .rodata.s_lpspiClocks
                0x00004e38        0x8 ./drivers/fsl_lpspi.o
 .rodata.s_lpspiResets
                0x00004e40        0x4 ./drivers/fsl_lpspi.o
 .rodata.LPSPI_GetInstance.str1.4
                0x00004e44       0x36 ./drivers/fsl_lpspi.o
 .rodata.LPSPI_MasterInit.str1.4
                0x00004e44       0x27 ./drivers/fsl_lpspi.o
 .rodata.LPSPI_MasterGetDefaultConfig.str1.4
                0x00004e44       0x27 ./drivers/fsl_lpspi.o
 .rodata.LPSPI_MasterSetBaudRate.str1.4
                0x00004e44       0x2b ./drivers/fsl_lpspi.o
 .rodata.LPSPI_MasterSetDelayScaler.str1.4
                0x00004e44       0x18 ./drivers/fsl_lpspi.o
 .rodata.LPSPI_MasterSetDelayTimes.str1.4
                0x00004e44       0x2a ./drivers/fsl_lpspi.o
 .rodata.LPSPI_CheckTransferArgument.str1.4
                0x00004e44       0x23 ./drivers/fsl_lpspi.o
 .rodata.LPSPI_MasterTransferBlocking.str1.4
                0x00004e44       0x24 ./drivers/fsl_lpspi.o
 .rodata.LPSPI_CombineWriteData.str1.4
                0x00004e44       0x3d ./drivers/fsl_lpspi.o
 .rodata.LPSPI_SeparateReadData.str1.4
                0x00004e44       0x3d ./drivers/fsl_lpspi.o
 .rodata.LPSPI0_DriverIRQHandler.str1.4
                0x00004e44       0x2c ./drivers/fsl_lpspi.o
 .rodata.LPSPI1_DriverIRQHandler.str1.4
                0x00004e44       0x2c ./drivers/fsl_lpspi.o
 .rodata.LPUART_WriteBlocking.str1.4
                0x00004e44       0x21 ./drivers/fsl_lpuart.o
 .rodata.RESET_SetPeripheralReset.str1.4
                0x00004e44       0x3f ./drivers/fsl_reset.o
 .rodata.s_LpuartAdapterBase
                0x00004e44        0xc ./component/uart/fsl_adapter_lpuart.o
 .rodata.HAL_UartSendBlocking.str1.4
                0x00004e50       0x7b ./component/uart/fsl_adapter_lpuart.o
 .rodata.PORT_SetPinConfig.str1.4
                0x00004e50       0x4d ./board/pin_mux.o
 .rodata        0x00004e50        0x2 ./board/pin_mux.o
 *fill*         0x00004e52        0x2 ff
 .rodata.__num_Ciob_streams
                0x00004e54        0x4 C:/nxp/MCUXpressoIDE_25.6.136/ide/plugins/com.nxp.mcuxpresso.tools.win32_25.6.0.202501151204/tools/bin/../lib/gcc/arm-none-eabi/14.2.1/../../../../arm-none-eabi/lib/thumb/v8-m.main/nofp\libcr_nohost_nf.a(__ciob.o)
                0x00004e54                __num_Ciob_streams
 .rodata._initio.str1.1
                0x00004e58        0x4 C:/nxp/MCUXpressoIDE_25.6.136/ide/plugins/com.nxp.mcuxpresso.tools.win32_25.6.0.202501151204/tools/bin/../lib/gcc/arm-none-eabi/14.2.1/../../../../arm-none-eabi/lib/thumb/v8-m.main/nofp\libcr_c.a(initio.o)
                0x00004e5c                        . = ALIGN (0x4)

.glue_7         0x00004e5c        0x0
 .glue_7        0x00004e5c        0x0 linker stubs

.glue_7t        0x00004e5c        0x0
 .glue_7t       0x00004e5c        0x0 linker stubs

.vfp11_veneer   0x00004e5c        0x0
 .vfp11_veneer  0x00004e5c        0x0 linker stubs

.v4_bx          0x00004e5c        0x0
 .v4_bx         0x00004e5c        0x0 linker stubs

.iplt           0x00004e5c        0x0
 .iplt          0x00004e5c        0x0 ./utilities/str/fsl_str.o

.rel.dyn        0x00004e5c        0x0
 .rel.iplt      0x00004e5c        0x0 ./utilities/str/fsl_str.o

.ARM.extab
 *(SORT_BY_ALIGNMENT(.ARM.extab*) SORT_BY_ALIGNMENT(.gnu.linkonce.armextab.*))

.ARM.exidx      0x00004e5c        0x0
                0x00004e5c                        __exidx_start = .
 *(SORT_BY_ALIGNMENT(.ARM.exidx*) SORT_BY_ALIGNMENT(.gnu.linkonce.armexidx.*))
                0x00004e5c                        __exidx_end = .
                0x00004e5c                        _etext = .

.data_RAM2      0x04000000        0x0 load address 0x00004e5c
 FILL mask 0xff
                [!provide]                        PROVIDE (__start_data_RAM2 = .)
                [!provide]                        PROVIDE (__start_data_SRAMX0 = .)
 *(SORT_BY_ALIGNMENT(.ramfunc.$RAM2))
 *(SORT_BY_ALIGNMENT(.ramfunc.$SRAMX0))
 *(SORT_BY_ALIGNMENT(.data.$RAM2))
 *(SORT_BY_ALIGNMENT(.data.$SRAMX0))
 *(SORT_BY_ALIGNMENT(.data.$RAM2.*))
 *(SORT_BY_ALIGNMENT(.data.$SRAMX0.*))
                0x04000000                        . = ALIGN (0x4)
                [!provide]                        PROVIDE (__end_data_RAM2 = .)
                [!provide]                        PROVIDE (__end_data_SRAMX0 = .)

.data_RAM3      0x04002000        0x0 load address 0x00004e5c
 FILL mask 0xff
                [!provide]                        PROVIDE (__start_data_RAM3 = .)
                [!provide]                        PROVIDE (__start_data_SRAMX1 = .)
 *(SORT_BY_ALIGNMENT(.ramfunc.$RAM3))
 *(SORT_BY_ALIGNMENT(.ramfunc.$SRAMX1))
 *(SORT_BY_ALIGNMENT(.data.$RAM3))
 *(SORT_BY_ALIGNMENT(.data.$SRAMX1))
 *(SORT_BY_ALIGNMENT(.data.$RAM3.*))
 *(SORT_BY_ALIGNMENT(.data.$SRAMX1.*))
                0x04002000                        . = ALIGN (0x4)
                [!provide]                        PROVIDE (__end_data_RAM3 = .)
                [!provide]                        PROVIDE (__end_data_SRAMX1 = .)

.uninit_RESERVED
                0x20000000        0x0
                0x20000000                        _start_uninit_RESERVED = .
 *(SORT_BY_ALIGNMENT(.bss.$RESERVED*))
                0x20000000                        . = ALIGN (0x4)
                0x20000000                        _end_uninit_RESERVED = .

.data           0x20000000       0x24 load address 0x00004e5c
 FILL mask 0xff
                0x20000000                        _data = .
                [!provide]                        PROVIDE (__start_data_RAM = .)
                [!provide]                        PROVIDE (__start_data_SRAM = .)
 *(SORT_BY_ALIGNMENT(vtable))
 *(SORT_BY_ALIGNMENT(.ramfunc*))
 *(SORT_BY_ALIGNMENT(CodeQuickAccess))
 *(SORT_BY_ALIGNMENT(DataQuickAccess))
 *(SORT_BY_ALIGNMENT(RamFunction))
 *(SORT_BY_ALIGNMENT(.data*))
 .data.gfx_palette
                0x20000000       0x20 ./source/gfx.o
                0x20000000                gfx_palette
 .data.s_Ext_Clk_Freq
                0x20000020        0x4 ./drivers/fsl_clock.o
                0x20000024                        . = ALIGN (0x4)
                0x20000024                        _edata = .
                [!provide]                        PROVIDE (__end_data_RAM = .)
                [!provide]                        PROVIDE (__end_data_SRAM = .)

.igot.plt       0x20000024        0x0 load address 0x00004e80
 .igot.plt      0x20000024        0x0 ./utilities/str/fsl_str.o

.bss_RAM2       0x04000000        0x0
                [!provide]                        PROVIDE (__start_bss_RAM2 = .)
                [!provide]                        PROVIDE (__start_bss_SRAMX0 = .)
 *(SORT_BY_ALIGNMENT(.bss.$RAM2))
 *(SORT_BY_ALIGNMENT(.bss.$SRAMX0))
 *(SORT_BY_ALIGNMENT(.bss.$RAM2.*))
 *(SORT_BY_ALIGNMENT(.bss.$SRAMX0.*))
                0x04000000                        . = ALIGN ((. != 0x0)?0x4:0x1)
                [!provide]                        PROVIDE (__end_bss_RAM2 = .)
                [!provide]                        PROVIDE (__end_bss_SRAMX0 = .)

.bss_RAM3       0x04002000        0x0
                [!provide]                        PROVIDE (__start_bss_RAM3 = .)
                [!provide]                        PROVIDE (__start_bss_SRAMX1 = .)
 *(SORT_BY_ALIGNMENT(.bss.$RAM3))
 *(SORT_BY_ALIGNMENT(.bss.$SRAMX1))
 *(SORT_BY_ALIGNMENT(.bss.$RAM3.*))
 *(SORT_BY_ALIGNMENT(.bss.$SRAMX1.*))
                0x04002000                        . = ALIGN ((. != 0x0)?0x4:0x1)
                [!provide]                        PROVIDE (__end_bss_RAM3 = .)
                [!provide]                        PROVIDE (__end_bss_SRAMX1 = .)

.bss            0x20000024     0x2b1c
                0x20000024                        _bss = .
                [!provide]                        PROVIDE (__start_bss_RAM = .)
                [!provide]                        PROVIDE (__start_bss_SRAM = .)
 *(SORT_BY_ALIGNMENT(.bss*))
 .bss.s_debugConsoleState
                0x20000024       0x24 ./utilities/debug_console/fsl_debug_console.o
 .bss.g_serialHandle
                0x20000048        0x4 ./utilities/debug_console/fsl_debug_console.o
                0x20000048                g_serialHandle
 .bss.line.0    0x2000004c      0x100 ./source/display.o
 .bss.gfx_fb    0x2000014c     0x2800 ./source/gfx.o
                0x2000014c                gfx_fb
 .bss.line.0    0x2000294c      0x100 ./source/gfx.o
 .bss.s_EDMAHandle
                0x20002a4c       0x10 ./drivers/fsl_edma.o
 .bss.s_lpspiHandle
                0x20002a5c        0x8 ./drivers/fsl_lpspi.o
 .bss.s_lpspiMasterIsr
                0x20002a64        0x4 ./drivers/fsl_lpspi.o
 .bss.s_lpspiSlaveIsr
                0x20002a68        0x4 ./drivers/fsl_lpspi.o
 .bss.g_lpspiDummyData
                0x20002a6c        0x2 ./drivers/fsl_lpspi.o
                0x20002a6c                g_lpspiDummyData
 *fill*         0x20002a6e        0x2 
 .bss.s_lpuartHandle
                0x20002a70        0xc ./drivers/fsl_lpuart.o
                0x20002a70                s_lpuartHandle
 .bss.s_lpuartIsr
                0x20002a7c        0xc ./drivers/fsl_lpuart.o
                0x20002a7c                s_lpuartIsr
 .bss.errno     0x20002a88        0x4 C:/nxp/MCUXpressoIDE_25.6.136/ide/plugins/com.nxp.mcuxpresso.tools.win32_25.6.0.202501151204/tools/bin/../lib/gcc/arm-none-eabi/14.2.1/../../../../arm-none-eabi/lib/thumb/v8-m.main/nofp\libcr_c.a(errno.o)
                0x20002a88                errno
 .bss.__Ciob    0x20002a8c       0xb4 C:/nxp/MCUXpressoIDE_25.6.136/ide/plugins/com.nxp.mcuxpresso.tools.win32_25.6.0.202501151204/tools/bin/../lib/gcc/arm-none-eabi/14.2.1/../../../../arm-none-eabi/lib/thumb/v8-m.main/nofp\libcr_nohost_nf.a(__ciob.o)
                0x20002a8c                __Ciob
 *(SORT_BY_ALIGNMENT(COMMON))
                0x20002b40                        . = ALIGN (0x4)
                0x20002b40                        _ebss = .
                [!provide]                        PROVIDE (__end_bss_RAM = .)
                [!provide]                        PROVIDE (__end_bss_SRAM = .)
                [!provide]                        PROVIDE (end = .)

.noinit_RAM2    0x04000000        0x0
                [!provide]                        PROVIDE (__start_noinit_RAM2 = .)
                [!provide]                        PROVIDE (__start_noinit_SRAMX0 = .)
 *(SORT_BY_ALIGNMENT(.noinit.$RAM2))
 *(SORT_BY_ALIGNMENT(.noinit.$SRAMX0))
 *(SORT_BY_ALIGNMENT(.noinit.$RAM2.*))
 *(SORT_BY_ALIGNMENT(.noinit.$SRAMX0.*))
                0x04000000                        . = ALIGN (0x4)
                [!provide]                        PROVIDE (__end_noinit_RAM2 = .)
                [!provide]                        PROVIDE (__end_noinit_SRAMX0 = .)

.noinit_RAM3    0x04002000        0x0
                [!provide]                        PROVIDE (__start_noinit_RAM3 = .)
                [!provide]                        PROVIDE (__start_noinit_SRAMX1 = .)
 *(SORT_BY_ALIGNMENT(.noinit.$RAM3))
 *(SORT_BY_ALIGNMENT(.noinit.$SRAMX1))
 *(SORT_BY_ALIGNMENT(.noinit.$RAM3.*))
 *(SORT_BY_ALIGNMENT(.noinit.$SRAMX1.*))
                0x04002000                        . = ALIGN (0x4)
                [!provide]                        PROVIDE (__end_noinit_RAM3 = .)
                [!provide]                        PROVIDE (__end_noinit_SRAMX1 = .)

.noinit         0x20002b40        0x0
                0x20002b40                        _noinit = .
                [!provide]                        PROVIDE (__start_noinit_RAM = .)
                [!provide]                        PROVIDE (__start_noinit_SRAM = .)
 *(SORT_BY_ALIGNMENT(.noinit*))
                0x20002b40                        . = ALIGN (0x4)
                0x20002b40                        _end_noinit = .
                [!provide]                        PROVIDE (__end_noinit_RAM = .)
                [!provide]                        PROVIDE (__end_noinit_SRAM = .)
                0x00000600                        _HeapSize = 0x600

.heap           0x20002b40      0x600
                0x20002b40                        _pvHeapStart = .
                0x20003140                        . = (. + _HeapSize)
 *fill*         0x20002b40      0x600 
                0x20003140                        . = ALIGN (0x4)
                0x20003140                        _pvHeapLimit = .
                0x00000600                        _StackSize = 0x600

.heap2stackfill
                0x20003140      0x600
                0x20003740                        . = (. + _StackSize)
 *fill*         0x20003140      0x600 

.stack          0x20005a00        0x0
                0x20005a00                        _vStackBase = .
                0x20005a00                        . = ALIGN (0x4)
                0x20006000                        _vStackTop = (. + _StackSize)
                0x00000000                        _image_start = LOADADDR (.text)
                0x00004e80                        _image_end = (LOADADDR (.data) + SIZEOF (.data))
                0x00004e80                        _image_size = (_image_end - _image_start)
OUTPUT(MCXA153_Project3.axf elf32-littlearm)
LOAD linker stubs

.debug_info     0x00000000    0x1a6a5
 .debug_info    0x00000000      0xd5d ./utilities/str/fsl_str.o
 .debug_info    0x00000d5d      0xef1 ./utilities/debug_console/fsl_debug_console.o
 .debug_info    0x00001c4e      0x1c2 ./utilities/fsl_assert.o
 .debug_info    0x00001e10      0xb86 ./startup/startup_mcxa153.o
 .debug_info    0x00002996      0x27a ./source/MCXA153_Project3.o
 .debug_info    0x00002c10     0x21d5 ./source/display.o
 .debug_info    0x00004de5      0xc85 ./source/gfx.o
 .debug_info    0x00005a6a       0x3c ./source/semihost_hardfault.o
 .debug_info    0x00005aa6     0x2063 ./drivers/fsl_clock.o
 .debug_info    0x00007b09     0x3641 ./drivers/fsl_edma.o
 .debug_info    0x0000b14a       0xdb ./drivers/fsl_edma_soc.o
 .debug_info    0x0000b225     0x1305 ./drivers/fsl_gpio.o
 .debug_info    0x0000c52a     0x31f6 ./drivers/fsl_lpspi.o
 .debug_info    0x0000f720     0x2d84 ./drivers/fsl_lpuart.o
 .debug_info    0x000124a4      0xa36 ./drivers/fsl_reset.o
 .debug_info    0x00012eda     0x1048 ./device/system_MCXA153.o
 .debug_info    0x00013f22      0xd32 ./component/uart/fsl_adapter_lpuart.o
 .debug_info    0x00014c54      0xe6c ./component/serial_manager/fsl_component_serial_manager.o
 .debug_info    0x00015ac0      0x54a ./component/serial_manager/fsl_component_serial_port_uart.o
 .debug_info    0x0001600a      0xaa3 ./board/clock_config.o
 .debug_info    0x00016aad     0x114e ./board/pin_mux.o
 .debug_info    0x00017bfb       0x85 C:/nxp/MCUXpressoIDE_25.6.136/ide/plugins/com.nxp.mcuxpresso.tools.win32_25.6.0.202501151204/tools/bin/../lib/gcc/arm-none-eabi/14.2.1/../../../../arm-none-eabi/lib/thumb/v8-m.main/nofp\libcr_nohost_nf.a(_cr__main.o)
 .debug_info    0x00017c80      0x12b C:/nxp/MCUXpressoIDE_25.6.136/ide/plugins/com.nxp.mcuxpresso.tools.win32_25.6.0.202501151204/tools/bin/../lib/gcc/arm-none-eabi/14.2.1/../../../../arm-none-eabi/lib/thumb/v8-m.main/nofp\libcr_c.a(memcpy.o)
 .debug_info    0x00017dab       0xfc C:/nxp/MCUXpressoIDE_25.6.136/ide/plugins/com.nxp.mcuxpresso.tools.win32_25.6.0.202501151204/tools/bin/../lib/gcc/arm-none-eabi/14.2.1/../../../../arm-none-eabi/lib/thumb/v8-m.main/nofp\libcr_c.a(memset.o)
 .debug_info    0x00017ea7      0x520 C:/nxp/MCUXpressoIDE_25.6.136/ide/plugins/com.nxp.mcuxpresso.tools.win32_25.6.0.202501151204/tools/bin/../lib/gcc/arm-none-eabi/14.2.1/../../../../arm-none-eabi/lib/thumb/v8-m.main/nofp\libcr_c.a(alloc.o)
 .debug_info    0x000183c7       0x44 C:/nxp/MCUXpressoIDE_25.6.136/ide/plugins/com.nxp.mcuxpresso.tools.win32_25.6.0.202501151204/tools/bin/../lib/gcc/arm-none-eabi/14.2.1/../../../../arm-none-eabi/lib/thumb/v8-m.main/nofp\libcr_c.a(errno.o)
 .debug_info    0x0001840b      0x339 C:/nxp/MCUXpressoIDE_25.6.136/ide/plugins/com.nxp.mcuxpresso.tools.win32_25.6.0.202501151204/tools/bin/../lib/gcc/arm-none-eabi/14.2.1/../../../../arm-none-eabi/lib/thumb/v8-m.main/nofp\libcr_c.a(initio.o)
 .debug_info    0x00018744      0x1fd C:/nxp/MCUXpressoIDE_25.6.136/ide/plugins/com.nxp.mcuxpresso.tools.win32_25.6.0.202501151204/tools/bin/../lib/gcc/arm-none-eabi/14.2.1/../../../../arm-none-eabi/lib/thumb/v8-m.main/nofp\libcr_c.a(setvbuf.o)
 .debug_info    0x00018941       0xe1 C:/nxp/MCUXpressoIDE_25.6.136/ide/plugins/com.nxp.mcuxpresso.tools.win32_25.6.0.202501151204/tools/bin/../lib/gcc/arm-none-eabi/14.2.1/../../../../arm-none-eabi/lib/thumb/v8-m.main/nofp\libcr_c.a(strlen.o)
 .debug_info    0x00018a22      0x396 C:/nxp/MCUXpressoIDE_25.6.136/ide/plugins/com.nxp.mcuxpresso.tools.win32_25.6.0.202501151204/tools/bin/../lib/gcc/arm-none-eabi/14.2.1/../../../../arm-none-eabi/lib/thumb/v8-m.main/nofp\libcr_c.a(_deferredlazyseek.o)
 .debug_info    0x00018db8      0x24b C:/nxp/MCUXpressoIDE_25.6.136/ide/plugins/com.nxp.mcuxpresso.tools.win32_25.6.0.202501151204/tools/bin/../lib/gcc/arm-none-eabi/14.2.1/../../../../arm-none-eabi/lib/thumb/v8-m.main/nofp\libcr_c.a(_fdopen.o)
 .debug_info    0x00019003      0x1e3 C:/nxp/MCUXpressoIDE_25.6.136/ide/plugins/com.nxp.mcuxpresso.tools.win32_25.6.0.202501151204/tools/bin/../lib/gcc/arm-none-eabi/14.2.1/../../../../arm-none-eabi/lib/thumb/v8-m.main/nofp\libcr_c.a(_fflush.o)
 .debug_info    0x000191e6      0x289 C:/nxp/MCUXpressoIDE_25.6.136/ide/plugins/com.nxp.mcuxpresso.tools.win32_25.6.0.202501151204/tools/bin/../lib/gcc/arm-none-eabi/14.2.1/../../../../arm-none-eabi/lib/thumb/v8-m.main/nofp\libcr_c.a(_writebuf.o)
 .debug_info    0x0001946f      0x31e C:/nxp/MCUXpressoIDE_25.6.136/ide/plugins/com.nxp.mcuxpresso.tools.win32_25.6.0.202501151204/tools/bin/../lib/gcc/arm-none-eabi/14.2.1/../../../../arm-none-eabi/lib/thumb/v8-m.main/nofp\libcr_c.a(fclose.o)
 .debug_info    0x0001978d      0x209 C:/nxp/MCUXpressoIDE_25.6.136/ide/plugins/com.nxp.mcuxpresso.tools.win32_25.6.0.202501151204/tools/bin/../lib/gcc/arm-none-eabi/14.2.1/../../../../arm-none-eabi/lib/thumb/v8-m.main/nofp\libcr_c.a(fflush.o)
 .debug_info    0x00019996      0x276 C:/nxp/MCUXpressoIDE_25.6.136/ide/plugins/com.nxp.mcuxpresso.tools.win32_25.6.0.202501151204/tools/bin/../lib/gcc/arm-none-eabi/14.2.1/../../../../arm-none-eabi/lib/thumb/v8-m.main/nofp\libcr_c.a(fseek.o)
 .debug_info    0x00019c0c      0x197 C:/nxp/MCUXpressoIDE_25.6.136/ide/plugins/com.nxp.mcuxpresso.tools.win32_25.6.0.202501151204/tools/bin/../lib/gcc/arm-none-eabi/14.2.1/../../../../arm-none-eabi/lib/thumb/v8-m.main/nofp\libcr_c.a(ftell.o)
 .debug_info    0x00019da3      0x1d7 C:/nxp/MCUXpressoIDE_25.6.136/ide/plugins/com.nxp.mcuxpresso.tools.win32_25.6.0.202501151204/tools/bin/../lib/gcc/arm-none-eabi/14.2.1/../../../../arm-none-eabi/lib/thumb/v8-m.main/nofp\libcr_c.a(remove.o)
 .debug_info    0x00019f7a      0x23a C:/nxp/MCUXpressoIDE_25.6.136/ide/plugins/com.nxp.mcuxpresso.tools.win32_25.6.0.202501151204/tools/bin/../lib/gcc/arm-none-eabi/14.2.1/../../../../arm-none-eabi/lib/thumb/v8-m.main/nofp\libcr_c.a(_do_fflush.o)
 .debug_info    0x0001a1b4      0x18b C:/nxp/MCUXpressoIDE_25.6.136/ide/plugins/com.nxp.mcuxpresso.tools.win32_25.6.0.202501151204/tools/bin/../lib/gcc/arm-none-eabi/14.2.1/../../../../arm-none-eabi/lib/thumb/v8-m.main/nofp\libcr_nohost_nf.a(__ciob.o)
 .debug_info    0x0001a33f       0x6a C:/nxp/MCUXpressoIDE_25.6.136/ide/plugins/com.nxp.mcuxpresso.tools.win32_25.6.0.202501151204/tools/bin/../lib/gcc/arm-none-eabi/14.2.1/../../../../arm-none-eabi/lib/thumb/v8-m.main/nofp\libcr_nohost_nf.a(__sys_close.o)
 .debug_info    0x0001a3a9       0x6a C:/nxp/MCUXpressoIDE_25.6.136/ide/plugins/com.nxp.mcuxpresso.tools.win32_25.6.0.202501151204/tools/bin/../lib/gcc/arm-none-eabi/14.2.1/../../../../arm-none-eabi/lib/thumb/v8-m.main/nofp\libcr_nohost_nf.a(__sys_flen.o)
 .debug_info    0x0001a413       0x6a C:/nxp/MCUXpressoIDE_25.6.136/ide/plugins/com.nxp.mcuxpresso.tools.win32_25.6.0.202501151204/tools/bin/../lib/gcc/arm-none-eabi/14.2.1/../../../../arm-none-eabi/lib/thumb/v8-m.main/nofp\libcr_nohost_nf.a(__sys_istty.o)
 .debug_info    0x0001a47d       0x8a C:/nxp/MCUXpressoIDE_25.6.136/ide/plugins/com.nxp.mcuxpresso.tools.win32_25.6.0.202501151204/tools/bin/../lib/gcc/arm-none-eabi/14.2.1/../../../../arm-none-eabi/lib/thumb/v8-m.main/nofp\libcr_nohost_nf.a(__sys_remove.o)
 .debug_info    0x0001a507       0x78 C:/nxp/MCUXpressoIDE_25.6.136/ide/plugins/com.nxp.mcuxpresso.tools.win32_25.6.0.202501151204/tools/bin/../lib/gcc/arm-none-eabi/14.2.1/../../../../arm-none-eabi/lib/thumb/v8-m.main/nofp\libcr_nohost_nf.a(__sys_seek.o)
 .debug_info    0x0001a57f       0x93 C:/nxp/MCUXpressoIDE_25.6.136/ide/plugins/com.nxp.mcuxpresso.tools.win32_25.6.0.202501151204/tools/bin/../lib/gcc/arm-none-eabi/14.2.1/../../../../arm-none-eabi/lib/thumb/v8-m.main/nofp\libcr_nohost_nf.a(__sys_tmpnam.o)
 .debug_info    0x0001a612       0x93 C:/nxp/MCUXpressoIDE_25.6.136/ide/plugins/com.nxp.mcuxpresso.tools.win32_25.6.0.202501151204/tools/bin/../lib/gcc/arm-none-eabi/14.2.1/../../../../arm-none-eabi/lib/thumb/v8-m.main/nofp\libcr_nohost_nf.a(__sys_write.o)

.debug_abbrev   0x00000000     0x43e8
 .debug_abbrev  0x00000000      0x270 ./utilities/str/fsl_str.o
 .debug_abbrev  0x00000270      0x270 ./utilities/debug_console/fsl_debug_console.o
 .debug_abbrev  0x000004e0      0x114 ./utilities/fsl_assert.o
 .debug_abbrev  0x000005f4      0x134 ./startup/startup_mcxa153.o
 .debug_abbrev  0x00000728      0x13c ./source/MCXA153_Project3.o
 .debug_abbrev  0x00000864      0x2ca ./source/display.o
 .debug_abbrev  0x00000b2e      0x20e ./source/gfx.o
 .debug_abbrev  0x00000d3c       0x31 ./source/semihost_hardfault.o
 .debug_abbrev  0x00000d6d      0x31f ./drivers/fsl_clock.o
 .debug_abbrev  0x0000108c      0x4b9 ./drivers/fsl_edma.o
 .debug_abbrev  0x00001545       0x72 ./drivers/fsl_edma_soc.o
 .debug_abbrev  0x000015b7      0x250 ./drivers/fsl_gpio.o
 .debug_abbrev  0x00001807      0x39a ./drivers/fsl_lpspi.o
 .debug_abbrev  0x00001ba1      0x45a ./drivers/fsl_lpuart.o
 .debug_abbrev  0x00001ffb      0x13d ./drivers/fsl_reset.o
 .debug_abbrev  0x00002138      0x1d5 ./device/system_MCXA153.o
 .debug_abbrev  0x0000230d      0x1e7 ./component/uart/fsl_adapter_lpuart.o
 .debug_abbrev  0x000024f4      0x2ad ./component/serial_manager/fsl_component_serial_manager.o
 .debug_abbrev  0x000027a1      0x18c ./component/serial_manager/fsl_component_serial_port_uart.o
 .debug_abbrev  0x0000292d      0x204 ./board/clock_config.o
 .debug_abbrev  0x00002b31      0x252 ./board/pin_mux.o
 .debug_abbrev  0x00002d83       0x70 C:/nxp/MCUXpressoIDE_25.6.136/ide/plugins/com.nxp.mcuxpresso.tools.win32_25.6.0.202501151204/tools/bin/../lib/gcc/arm-none-eabi/14.2.1/../../../../arm-none-eabi/lib/thumb/v8-m.main/nofp\libcr_nohost_nf.a(_cr__main.o)
 .debug_abbrev  0x00002df3       0xb6 C:/nxp/MCUXpressoIDE_25.6.136/ide/plugins/com.nxp.mcuxpresso.tools.win32_25.6.0.202501151204/tools/bin/../lib/gcc/arm-none-eabi/14.2.1/../../../../arm-none-eabi/lib/thumb/v8-m.main/nofp\libcr_c.a(memcpy.o)
 .debug_abbrev  0x00002ea9       0xa8 C:/nxp/MCUXpressoIDE_25.6.136/ide/plugins/com.nxp.mcuxpresso.tools.win32_25.6.0.202501151204/tools/bin/../lib/gcc/arm-none-eabi/14.2.1/../../../../arm-none-eabi/lib/thumb/v8-m.main/nofp\libcr_c.a(memset.o)
 .debug_abbrev  0x00002f51      0x284 C:/nxp/MCUXpressoIDE_25.6.136/ide/plugins/com.nxp.mcuxpresso.tools.win32_25.6.0.202501151204/tools/bin/../lib/gcc/arm-none-eabi/14.2.1/../../../../arm-none-eabi/lib/thumb/v8-m.main/nofp\libcr_c.a(alloc.o)
 .debug_abbrev  0x000031d5       0x44 C:/nxp/MCUXpressoIDE_25.6.136/ide/plugins/com.nxp.mcuxpresso.tools.win32_25.6.0.202501151204/tools/bin/../lib/gcc/arm-none-eabi/14.2.1/../../../../arm-none-eabi/lib/thumb/v8-m.main/nofp\libcr_c.a(errno.o)
 .debug_abbrev  0x00003219      0x169 C:/nxp/MCUXpressoIDE_25.6.136/ide/plugins/com.nxp.mcuxpresso.tools.win32_25.6.0.202501151204/tools/bin/../lib/gcc/arm-none-eabi/14.2.1/../../../../arm-none-eabi/lib/thumb/v8-m.main/nofp\libcr_c.a(initio.o)
 .debug_abbrev  0x00003382       0xe1 C:/nxp/MCUXpressoIDE_25.6.136/ide/plugins/com.nxp.mcuxpresso.tools.win32_25.6.0.202501151204/tools/bin/../lib/gcc/arm-none-eabi/14.2.1/../../../../arm-none-eabi/lib/thumb/v8-m.main/nofp\libcr_c.a(setvbuf.o)
 .debug_abbrev  0x00003463       0xa7 C:/nxp/MCUXpressoIDE_25.6.136/ide/plugins/com.nxp.mcuxpresso.tools.win32_25.6.0.202501151204/tools/bin/../lib/gcc/arm-none-eabi/14.2.1/../../../../arm-none-eabi/lib/thumb/v8-m.main/nofp\libcr_c.a(strlen.o)
 .debug_abbrev  0x0000350a      0x18e C:/nxp/MCUXpressoIDE_25.6.136/ide/plugins/com.nxp.mcuxpresso.tools.win32_25.6.0.202501151204/tools/bin/../lib/gcc/arm-none-eabi/14.2.1/../../../../arm-none-eabi/lib/thumb/v8-m.main/nofp\libcr_c.a(_deferredlazyseek.o)
 .debug_abbrev  0x00003698      0x119 C:/nxp/MCUXpressoIDE_25.6.136/ide/plugins/com.nxp.mcuxpresso.tools.win32_25.6.0.202501151204/tools/bin/../lib/gcc/arm-none-eabi/14.2.1/../../../../arm-none-eabi/lib/thumb/v8-m.main/nofp\libcr_c.a(_fdopen.o)
 .debug_abbrev  0x000037b1       0xf1 C:/nxp/MCUXpressoIDE_25.6.136/ide/plugins/com.nxp.mcuxpresso.tools.win32_25.6.0.202501151204/tools/bin/../lib/gcc/arm-none-eabi/14.2.1/../../../../arm-none-eabi/lib/thumb/v8-m.main/nofp\libcr_c.a(_fflush.o)
 .debug_abbrev  0x000038a2      0x126 C:/nxp/MCUXpressoIDE_25.6.136/ide/plugins/com.nxp.mcuxpresso.tools.win32_25.6.0.202501151204/tools/bin/../lib/gcc/arm-none-eabi/14.2.1/../../../../arm-none-eabi/lib/thumb/v8-m.main/nofp\libcr_c.a(_writebuf.o)
 .debug_abbrev  0x000039c8      0x158 C:/nxp/MCUXpressoIDE_25.6.136/ide/plugins/com.nxp.mcuxpresso.tools.win32_25.6.0.202501151204/tools/bin/../lib/gcc/arm-none-eabi/14.2.1/../../../../arm-none-eabi/lib/thumb/v8-m.main/nofp\libcr_c.a(fclose.o)
 .debug_abbrev  0x00003b20      0x125 C:/nxp/MCUXpressoIDE_25.6.136/ide/plugins/com.nxp.mcuxpresso.tools.win32_25.6.0.202501151204/tools/bin/../lib/gcc/arm-none-eabi/14.2.1/../../../../arm-none-eabi/lib/thumb/v8-m.main/nofp\libcr_c.a(fflush.o)
 .debug_abbrev  0x00003c45      0x11b C:/nxp/MCUXpressoIDE_25.6.136/ide/plugins/com.nxp.mcuxpresso.tools.win32_25.6.0.202501151204/tools/bin/../lib/gcc/arm-none-eabi/14.2.1/../../../../arm-none-eabi/lib/thumb/v8-m.main/nofp\libcr_c.a(fseek.o)
 .debug_abbrev  0x00003d60       0xc2 C:/nxp/MCUXpressoIDE_25.6.136/ide/plugins/com.nxp.mcuxpresso.tools.win32_25.6.0.202501151204/tools/bin/../lib/gcc/arm-none-eabi/14.2.1/../../../../arm-none-eabi/lib/thumb/v8-m.main/nofp\libcr_c.a(ftell.o)
 .debug_abbrev  0x00003e22       0xfb C:/nxp/MCUXpressoIDE_25.6.136/ide/plugins/com.nxp.mcuxpresso.tools.win32_25.6.0.202501151204/tools/bin/../lib/gcc/arm-none-eabi/14.2.1/../../../../arm-none-eabi/lib/thumb/v8-m.main/nofp\libcr_c.a(remove.o)
 .debug_abbrev  0x00003f1d      0x12c C:/nxp/MCUXpressoIDE_25.6.136/ide/plugins/com.nxp.mcuxpresso.tools.win32_25.6.0.202501151204/tools/bin/../lib/gcc/arm-none-eabi/14.2.1/../../../../arm-none-eabi/lib/thumb/v8-m.main/nofp\libcr_c.a(_do_fflush.o)
 .debug_abbrev  0x00004049       0xb5 C:/nxp/MCUXpressoIDE_25.6.136/ide/plugins/com.nxp.mcuxpresso.tools.win32_25.6.0.202501151204/tools/bin/../lib/gcc/arm-none-eabi/14.2.1/../../../../arm-none-eabi/lib/thumb/v8-m.main/nofp\libcr_nohost_nf.a(__ciob.o)
 .debug_abbrev  0x000040fe       0x5c C:/nxp/MCUXpressoIDE_25.6.136/ide/plugins/com.nxp.mcuxpresso.tools.win32_25.6.0.202501151204/tools/bin/../lib/gcc/arm-none-eabi/14.2.1/../../../../arm-none-eabi/lib/thumb/v8-m.main/nofp\libcr_nohost_nf.a(__sys_close.o)
 .debug_abbrev  0x0000415a       0x5c C:/nxp/MCUXpressoIDE_25.6.136/ide/plugins/com.nxp.mcuxpresso.tools.win32_25.6.0.202501151204/tools/bin/../lib/gcc/arm-none-eabi/14.2.1/../../../../arm-none-eabi/lib/thumb/v8-m.main/nofp\libcr_nohost_nf.a(__sys_flen.o)
 .debug_abbrev  0x000041b6       0x5c C:/nxp/MCUXpressoIDE_25.6.136/ide/plugins/com.nxp.mcuxpresso.tools.win32_25.6.0.202501151204/tools/bin/../lib/gcc/arm-none-eabi/14.2.1/../../../../arm-none-eabi/lib/thumb/v8-m.main/nofp\libcr_nohost_nf.a(__sys_istty.o)
 .debug_abbrev  0x00004212       0x7d C:/nxp/MCUXpressoIDE_25.6.136/ide/plugins/com.nxp.mcuxpresso.tools.win32_25.6.0.202501151204/tools/bin/../lib/gcc/arm-none-eabi/14.2.1/../../../../arm-none-eabi/lib/thumb/v8-m.main/nofp\libcr_nohost_nf.a(__sys_remove.o)
 .debug_abbrev  0x0000428f       0x6d C:/nxp/MCUXpressoIDE_25.6.136/ide/plugins/com.nxp.mcuxpresso.tools.win32_25.6.0.202501151204/tools/bin/../lib/gcc/arm-none-eabi/14.2.1/../../../../arm-none-eabi/lib/thumb/v8-m.main/nofp\libcr_nohost_nf.a(__sys_seek.o)
 .debug_abbrev  0x000042fc       0x76 C:/nxp/MCUXpressoIDE_25.6.136/ide/plugins/com.nxp.mcuxpresso.tools.win32_25.6.0.202501151204/tools/bin/../lib/gcc/arm-none-eabi/14.2.1/../../../../arm-none-eabi/lib/thumb/v8-m.main/nofp\libcr_nohost_nf.a(__sys_tmpnam.o)
 .debug_abbrev  0x00004372       0x76 C:/nxp/MCUXpressoIDE_25.6.136/ide/plugins/com.nxp.mcuxpresso.tools.win32_25.6.0.202501151204/tools/bin/../lib/gcc/arm-none-eabi/14.2.1/../../../../arm-none-eabi/lib/thumb/v8-m.main/nofp\libcr_nohost_nf.a(__sys_write.o)

.debug_aranges  0x00000000     0x13a0
 .debug_aranges
                0x00000000       0xe8 ./utilities/str/fsl_str.o
 .debug_aranges
                0x000000e8       0xa8 ./utilities/debug_console/fsl_debug_console.o
 .debug_aranges
                0x00000190       0x28 ./utilities/fsl_assert.o
 .debug_aranges
                0x000001b8      0x2e0 ./startup/startup_mcxa153.o
 .debug_aranges
                0x00000498       0x38 ./source/MCXA153_Project3.o
 .debug_aranges
                0x000004d0       0xb8 ./source/display.o
 .debug_aranges
                0x00000588       0x98 ./source/gfx.o
 .debug_aranges
                0x00000620       0x20 ./source/semihost_hardfault.o
 .debug_aranges
                0x00000640      0x160 ./drivers/fsl_clock.o
 .debug_aranges
                0x000007a0      0x220 ./drivers/fsl_edma.o
 .debug_aranges
                0x000009c0       0x38 ./drivers/fsl_edma_soc.o
 .debug_aranges
                0x000009f8       0x80 ./drivers/fsl_gpio.o
 .debug_aranges
                0x00000a78      0x1f0 ./drivers/fsl_lpspi.o
 .debug_aranges
                0x00000c68      0x1a8 ./drivers/fsl_lpuart.o
 .debug_aranges
                0x00000e10       0x30 ./drivers/fsl_reset.o
 .debug_aranges
                0x00000e40       0x30 ./device/system_MCXA153.o
 .debug_aranges
                0x00000e70       0x58 ./component/uart/fsl_adapter_lpuart.o
 .debug_aranges
                0x00000ec8       0xa0 ./component/serial_manager/fsl_component_serial_manager.o
 .debug_aranges
                0x00000f68       0x48 ./component/serial_manager/fsl_component_serial_port_uart.o
 .debug_aranges
                0x00000fb0       0x48 ./board/clock_config.o
 .debug_aranges
                0x00000ff8       0x40 ./board/pin_mux.o
 .debug_aranges
                0x00001038       0x20 C:/nxp/MCUXpressoIDE_25.6.136/ide/plugins/com.nxp.mcuxpresso.tools.win32_25.6.0.202501151204/tools/bin/../lib/gcc/arm-none-eabi/14.2.1/../../../../arm-none-eabi/lib/thumb/v8-m.main/nofp\libcr_nohost_nf.a(_cr__main.o)
 .debug_aranges
                0x00001058       0x20 C:/nxp/MCUXpressoIDE_25.6.136/ide/plugins/com.nxp.mcuxpresso.tools.win32_25.6.0.202501151204/tools/bin/../lib/gcc/arm-none-eabi/14.2.1/../../../../arm-none-eabi/lib/thumb/v8-m.main/nofp\libcr_c.a(memcpy.o)
 .debug_aranges
                0x00001078       0x20 C:/nxp/MCUXpressoIDE_25.6.136/ide/plugins/com.nxp.mcuxpresso.tools.win32_25.6.0.202501151204/tools/bin/../lib/gcc/arm-none-eabi/14.2.1/../../../../arm-none-eabi/lib/thumb/v8-m.main/nofp\libcr_c.a(memset.o)
 .debug_aranges
                0x00001098       0x40 C:/nxp/MCUXpressoIDE_25.6.136/ide/plugins/com.nxp.mcuxpresso.tools.win32_25.6.0.202501151204/tools/bin/../lib/gcc/arm-none-eabi/14.2.1/../../../../arm-none-eabi/lib/thumb/v8-m.main/nofp\libcr_c.a(alloc.o)
 .debug_aranges
                0x000010d8       0x18 C:/nxp/MCUXpressoIDE_25.6.136/ide/plugins/com.nxp.mcuxpresso.tools.win32_25.6.0.202501151204/tools/bin/../lib/gcc/arm-none-eabi/14.2.1/../../../../arm-none-eabi/lib/thumb/v8-m.main/nofp\libcr_c.a(errno.o)
 .debug_aranges
                0x000010f0       0x28 C:/nxp/MCUXpressoIDE_25.6.136/ide/plugins/com.nxp.mcuxpresso.tools.win32_25.6.0.202501151204/tools/bin/../lib/gcc/arm-none-eabi/14.2.1/../../../../arm-none-eabi/lib/thumb/v8-m.main/nofp\libcr_c.a(initio.o)
 .debug_aranges
                0x00001118       0x20 C:/nxp/MCUXpressoIDE_25.6.136/ide/plugins/com.nxp.mcuxpresso.tools.win32_25.6.0.202501151204/tools/bin/../lib/gcc/arm-none-eabi/14.2.1/../../../../arm-none-eabi/lib/thumb/v8-m.main/nofp\libcr_c.a(setvbuf.o)
 .debug_aranges
                0x00001138       0x20 C:/nxp/MCUXpressoIDE_25.6.136/ide/plugins/com.nxp.mcuxpresso.tools.win32_25.6.0.202501151204/tools/bin/../lib/gcc/arm-none-eabi/14.2.1/../../../../arm-none-eabi/lib/thumb/v8-m.main/nofp\libcr_c.a(strlen.o)
 .debug_aranges
                0x00001158       0x28 C:/nxp/MCUXpressoIDE_25.6.136/ide/plugins/com.nxp.mcuxpresso.tools.win32_25.6.0.202501151204/tools/bin/../lib/gcc/arm-none-eabi/14.2.1/../../../../arm-none-eabi/lib/thumb/v8-m.main/nofp\libcr_c.a(_deferredlazyseek.o)
 .debug_aranges
                0x00001180       0x20 C:/nxp/MCUXpressoIDE_25.6.136/ide/plugins/com.nxp.mcuxpresso.tools.win32_25.6.0.202501151204/tools/bin/../lib/gcc/arm-none-eabi/14.2.1/../../../../arm-none-eabi/lib/thumb/v8-m.main/nofp\libcr_c.a(_fdopen.o)
 .debug_aranges
                0x000011a0       0x20 C:/nxp/MCUXpressoIDE_25.6.136/ide/plugins/com.nxp.mcuxpresso.tools.win32_25.6.0.202501151204/tools/bin/../lib/gcc/arm-none-eabi/14.2.1/../../../../arm-none-eabi/lib/thumb/v8-m.main/nofp\libcr_c.a(_fflush.o)
 .debug_aranges
                0x000011c0       0x20 C:/nxp/MCUXpressoIDE_25.6.136/ide/plugins/com.nxp.mcuxpresso.tools.win32_25.6.0.202501151204/tools/bin/../lib/gcc/arm-none-eabi/14.2.1/../../../../arm-none-eabi/lib/thumb/v8-m.main/nofp\libcr_c.a(_writebuf.o)
 .debug_aranges
                0x000011e0       0x20 C:/nxp/MCUXpressoIDE_25.6.136/ide/plugins/com.nxp.mcuxpresso.tools.win32_25.6.0.202501151204/tools/bin/../lib/gcc/arm-none-eabi/14.2.1/../../../../arm-none-eabi/lib/thumb/v8-m.main/nofp\libcr_c.a(fclose.o)
 .debug_aranges
                0x00001200       0x20 C:/nxp/MCUXpressoIDE_25.6.136/ide/plugins/com.nxp.mcuxpresso.tools.win32_25.6.0.202501151204/tools/bin/../lib/gcc/arm-none-eabi/14.2.1/../../../../arm-none-eabi/lib/thumb/v8-m.main/nofp\libcr_c.a(fflush.o)
 .debug_aranges
                0x00001220       0x20 C:/nxp/MCUXpressoIDE_25.6.136/ide/plugins/com.nxp.mcuxpresso.tools.win32_25.6.0.202501151204/tools/bin/../lib/gcc/arm-none-eabi/14.2.1/../../../../arm-none-eabi/lib/thumb/v8-m.main/nofp\libcr_c.a(fseek.o)
 .debug_aranges
                0x00001240       0x20 C:/nxp/MCUXpressoIDE_25.6.136/ide/plugins/com.nxp.mcuxpresso.tools.win32_25.6.0.202501151204/tools/bin/../lib/gcc/arm-none-eabi/14.2.1/../../../../arm-none-eabi/lib/thumb/v8-m.main/nofp\libcr_c.a(ftell.o)
 .debug_aranges
                0x00001260       0x28 C:/nxp/MCUXpressoIDE_25.6.136/ide/plugins/com.nxp.mcuxpresso.tools.win32_25.6.0.202501151204/tools/bin/../lib/gcc/arm-none-eabi/14.2.1/../../../../arm-none-eabi/lib/thumb/v8-m.main/nofp\libcr_c.a(remove.o)
 .debug_aranges
                0x00001288       0x20 C:/nxp/MCUXpressoIDE_25.6.136/ide/plugins/com.nxp.mcuxpresso.tools.win32_25.6.0.202501151204/tools/bin/../lib/gcc/arm-none-eabi/14.2.1/../../../../arm-none-eabi/lib/thumb/v8-m.main/nofp\libcr_c.a(_do_fflush.o)
 .debug_aranges
                0x000012a8       0x18 C:/nxp/MCUXpressoIDE_25.6.136/ide/plugins/com.nxp.mcuxpresso.tools.win32_25.6.0.202501151204/tools/bin/../lib/gcc/arm-none-eabi/14.2.1/../../../../arm-none-eabi/lib/thumb/v8-m.main/nofp\libcr_nohost_nf.a(__ciob.o)
 .debug_aranges
                0x000012c0       0x20 C:/nxp/MCUXpressoIDE_25.6.136/ide/plugins/com.nxp.mcuxpresso.tools.win32_25.6.0.202501151204/tools/bin/../lib/gcc/arm-none-eabi/14.2.1/../../../../arm-none-eabi/lib/thumb/v8-m.main/nofp\libcr_nohost_nf.a(__sys_close.o)
 .debug_aranges
                0x000012e0       0x20 C:/nxp/MCUXpressoIDE_25.6.136/ide/plugins/com.nxp.mcuxpresso.tools.win32_25.6.0.202501151204/tools/bin/../lib/gcc/arm-none-eabi/14.2.1/../../../../arm-none-eabi/lib/thumb/v8-m.main/nofp\libcr_nohost_nf.a(__sys_flen.o)
 .debug_aranges
                0x00001300       0x20 C:/nxp/MCUXpressoIDE_25.6.136/ide/plugins/com.nxp.mcuxpresso.tools.win32_25.6.0.202501151204/tools/bin/../lib/gcc/arm-none-eabi/14.2.1/../../../../arm-none-eabi/lib/thumb/v8-m.main/nofp\libcr_nohost_nf.a(__sys_istty.o)
 .debug_aranges
                0x00001320       0x20 C:/nxp/MCUXpressoIDE_25.6.136/ide/plugins/com.nxp.mcuxpresso.tools.win32_25.6.0.202501151204/tools/bin/../lib/gcc/arm-none-eabi/14.2.1/../../../../arm-none-eabi/lib/thumb/v8-m.main/nofp\libcr_nohost_nf.a(__sys_remove.o)
 .debug_aranges
                0x00001340       0x20 C:/nxp/MCUXpressoIDE_25.6.136/ide/plugins/com.nxp.mcuxpresso.tools.win32_25.6.0.202501151204/tools/bin/../lib/gcc/arm-none-eabi/14.2.1/../../../../arm-none-eabi/lib/thumb/v8-m.main/nofp\libcr_nohost_nf.a(__sys_seek.o)
 .debug_aranges
                0x00001360       0x20 C:/nxp/MCUXpressoIDE_25.6.136/ide/plugins/com.nxp.mcuxpresso.tools.win32_25.6.0.202501151204/tools/bin/../lib/gcc/arm-none-eabi/14.2.1/../../../../arm-none-eabi/lib/thumb/v8-m.main/nofp\libcr_nohost_nf.a(__sys_tmpnam.o)
 .debug_aranges
                0x00001380       0x20 C:/nxp/MCUXpressoIDE_25.6.136/ide/plugins/com.nxp.mcuxpresso.tools.win32_25.6.0.202501151204/tools/bin/../lib/gcc/arm-none-eabi/14.2.1/../../../../arm-none-eabi/lib/thumb/v8-m.main/nofp\libcr_nohost_nf.a(__sys_write.o)

.debug_ranges   0x00000000     0x1148
 .debug_ranges  0x00000000      0x108 ./utilities/str/fsl_str.o
 .debug_ranges  0x00000108       0x98 ./utilities/debug_console/fsl_debug_console.o
 .debug_ranges  0x000001a0       0x18 ./utilities/fsl_assert.o
 .debug_ranges  0x000001b8      0x2d0 ./startup/startup_mcxa153.o
 .debug_ranges  0x00000488       0x28 ./source/MCXA153_Project3.o
 .debug_ranges  0x000004b0       0xa8 ./source/display.o
 .debug_ranges  0x00000558       0xa0 ./source/gfx.o
 .debug_ranges  0x000005f8       0x10 ./source/semihost_hardfault.o
 .debug_ranges  0x00000608      0x150 ./drivers/fsl_clock.o
 .debug_ranges  0x00000758      0x210 ./drivers/fsl_edma.o
 .debug_ranges  0x00000968       0x28 ./drivers/fsl_edma_soc.o
 .debug_ranges  0x00000990       0x70 ./drivers/fsl_gpio.o
 .debug_ranges  0x00000a00      0x1e0 ./drivers/fsl_lpspi.o
 .debug_ranges  0x00000be0      0x198 ./drivers/fsl_lpuart.o
 .debug_ranges  0x00000d78       0x20 ./drivers/fsl_reset.o
 .debug_ranges  0x00000d98       0x20 ./device/system_MCXA153.o
 .debug_ranges  0x00000db8       0x48 ./component/uart/fsl_adapter_lpuart.o
 .debug_ranges  0x00000e00       0x90 ./component/serial_manager/fsl_component_serial_manager.o
 .debug_ranges  0x00000e90       0x38 ./component/serial_manager/fsl_component_serial_port_uart.o
 .debug_ranges  0x00000ec8       0x38 ./board/clock_config.o
 .debug_ranges  0x00000f00       0x30 ./board/pin_mux.o
 .debug_ranges  0x00000f30       0x10 C:/nxp/MCUXpressoIDE_25.6.136/ide/plugins/com.nxp.mcuxpresso.tools.win32_25.6.0.202501151204/tools/bin/../lib/gcc/arm-none-eabi/14.2.1/../../../../arm-none-eabi/lib/thumb/v8-m.main/nofp\libcr_nohost_nf.a(_cr__main.o)
 .debug_ranges  0x00000f40       0x10 C:/nxp/MCUXpressoIDE_25.6.136/ide/plugins/com.nxp.mcuxpresso.tools.win32_25.6.0.202501151204/tools/bin/../lib/gcc/arm-none-eabi/14.2.1/../../../../arm-none-eabi/lib/thumb/v8-m.main/nofp\libcr_c.a(memcpy.o)
 .debug_ranges  0x00000f50       0x10 C:/nxp/MCUXpressoIDE_25.6.136/ide/plugins/com.nxp.mcuxpresso.tools.win32_25.6.0.202501151204/tools/bin/../lib/gcc/arm-none-eabi/14.2.1/../../../../arm-none-eabi/lib/thumb/v8-m.main/nofp\libcr_c.a(memset.o)
 .debug_ranges  0x00000f60       0x48 C:/nxp/MCUXpressoIDE_25.6.136/ide/plugins/com.nxp.mcuxpresso.tools.win32_25.6.0.202501151204/tools/bin/../lib/gcc/arm-none-eabi/14.2.1/../../../../arm-none-eabi/lib/thumb/v8-m.main/nofp\libcr_c.a(alloc.o)
 .debug_ranges  0x00000fa8       0x18 C:/nxp/MCUXpressoIDE_25.6.136/ide/plugins/com.nxp.mcuxpresso.tools.win32_25.6.0.202501151204/tools/bin/../lib/gcc/arm-none-eabi/14.2.1/../../../../arm-none-eabi/lib/thumb/v8-m.main/nofp\libcr_c.a(initio.o)
 .debug_ranges  0x00000fc0       0x10 C:/nxp/MCUXpressoIDE_25.6.136/ide/plugins/com.nxp.mcuxpresso.tools.win32_25.6.0.202501151204/tools/bin/../lib/gcc/arm-none-eabi/14.2.1/../../../../arm-none-eabi/lib/thumb/v8-m.main/nofp\libcr_c.a(setvbuf.o)
 .debug_ranges  0x00000fd0       0x10 C:/nxp/MCUXpressoIDE_25.6.136/ide/plugins/com.nxp.mcuxpresso.tools.win32_25.6.0.202501151204/tools/bin/../lib/gcc/arm-none-eabi/14.2.1/../../../../arm-none-eabi/lib/thumb/v8-m.main/nofp\libcr_c.a(strlen.o)
 .debug_ranges  0x00000fe0       0x30 C:/nxp/MCUXpressoIDE_25.6.136/ide/plugins/com.nxp.mcuxpresso.tools.win32_25.6.0.202501151204/tools/bin/../lib/gcc/arm-none-eabi/14.2.1/../../../../arm-none-eabi/lib/thumb/v8-m.main/nofp\libcr_c.a(_deferredlazyseek.o)
 .debug_ranges  0x00001010       0x10 C:/nxp/MCUXpressoIDE_25.6.136/ide/plugins/com.nxp.mcuxpresso.tools.win32_25.6.0.202501151204/tools/bin/../lib/gcc/arm-none-eabi/14.2.1/../../../../arm-none-eabi/lib/thumb/v8-m.main/nofp\libcr_c.a(_fdopen.o)
 .debug_ranges  0x00001020       0x10 C:/nxp/MCUXpressoIDE_25.6.136/ide/plugins/com.nxp.mcuxpresso.tools.win32_25.6.0.202501151204/tools/bin/../lib/gcc/arm-none-eabi/14.2.1/../../../../arm-none-eabi/lib/thumb/v8-m.main/nofp\libcr_c.a(_fflush.o)
 .debug_ranges  0x00001030       0x10 C:/nxp/MCUXpressoIDE_25.6.136/ide/plugins/com.nxp.mcuxpresso.tools.win32_25.6.0.202501151204/tools/bin/../lib/gcc/arm-none-eabi/14.2.1/../../../../arm-none-eabi/lib/thumb/v8-m.main/nofp\libcr_c.a(_writebuf.o)
 .debug_ranges  0x00001040       0x10 C:/nxp/MCUXpressoIDE_25.6.136/ide/plugins/com.nxp.mcuxpresso.tools.win32_25.6.0.202501151204/tools/bin/../lib/gcc/arm-none-eabi/14.2.1/../../../../arm-none-eabi/lib/thumb/v8-m.main/nofp\libcr_c.a(fclose.o)
 .debug_ranges  0x00001050       0x28 C:/nxp/MCUXpressoIDE_25.6.136/ide/plugins/com.nxp.mcuxpresso.tools.win32_25.6.0.202501151204/tools/bin/../lib/gcc/arm-none-eabi/14.2.1/../../../../arm-none-eabi/lib/thumb/v8-m.main/nofp\libcr_c.a(fflush.o)
 .debug_ranges  0x00001078       0x10 C:/nxp/MCUXpressoIDE_25.6.136/ide/plugins/com.nxp.mcuxpresso.tools.win32_25.6.0.202501151204/tools/bin/../lib/gcc/arm-none-eabi/14.2.1/../../../../arm-none-eabi/lib/thumb/v8-m.main/nofp\libcr_c.a(fseek.o)
 .debug_ranges  0x00001088       0x10 C:/nxp/MCUXpressoIDE_25.6.136/ide/plugins/com.nxp.mcuxpresso.tools.win32_25.6.0.202501151204/tools/bin/../lib/gcc/arm-none-eabi/14.2.1/../../../../arm-none-eabi/lib/thumb/v8-m.main/nofp\libcr_c.a(ftell.o)
 .debug_ranges  0x00001098       0x18 C:/nxp/MCUXpressoIDE_25.6.136/ide/plugins/com.nxp.mcuxpresso.tools.win32_25.6.0.202501151204/tools/bin/../lib/gcc/arm-none-eabi/14.2.1/../../../../arm-none-eabi/lib/thumb/v8-m.main/nofp\libcr_c.a(remove.o)
 .debug_ranges  0x000010b0       0x28 C:/nxp/MCUXpressoIDE_25.6.136/ide/plugins/com.nxp.mcuxpresso.tools.win32_25.6.0.202501151204/tools/bin/../lib/gcc/arm-none-eabi/14.2.1/../../../../arm-none-eabi/lib/thumb/v8-m.main/nofp\libcr_c.a(_do_fflush.o)
 .debug_ranges  0x000010d8       0x10 C:/nxp/MCUXpressoIDE_25.6.136/ide/plugins/com.nxp.mcuxpresso.tools.win32_25.6.0.202501151204/tools/bin/../lib/gcc/arm-none-eabi/14.2.1/../../../../arm-none-eabi/lib/thumb/v8-m.main/nofp\libcr_nohost_nf.a(__sys_close.o)
 .debug_ranges  0x000010e8       0x10 C:/nxp/MCUXpressoIDE_25.6.136/ide/plugins/com.nxp.mcuxpresso.tools.win32_25.6.0.202501151204/tools/bin/../lib/gcc/arm-none-eabi/14.2.1/../../../../arm-none-eabi/lib/thumb/v8-m.main/nofp\libcr_nohost_nf.a(__sys_flen.o)
 .debug_ranges  0x000010f8       0x10 C:/nxp/MCUXpressoIDE_25.6.136/ide/plugins/com.nxp.mcuxpresso.tools.win32_25.6.0.202501151204/tools/bin/../lib/gcc/arm-none-eabi/14.2.1/../../../../arm-none-eabi/lib/thumb/v8-m.main/nofp\libcr_nohost_nf.a(__sys_istty.o)
 .debug_ranges  0x00001108       0x10 C:/nxp/MCUXpressoIDE_25.6.136/ide/plugins/com.nxp.mcuxpresso.tools.win32_25.6.0.202501151204/tools/bin/../lib/gcc/arm-none-eabi/14.2.1/../../../../arm-none-eabi/lib/thumb/v8-m.main/nofp\libcr_nohost_nf.a(__sys_remove.o)
 .debug_ranges  0x00001118       0x10 C:/nxp/MCUXpressoIDE_25.6.136/ide/plugins/com.nxp.mcuxpresso.tools.win32_25.6.0.202501151204/tools/bin/../lib/gcc/arm-none-eabi/14.2.1/../../../../arm-none-eabi/lib/thumb/v8-m.main/nofp\libcr_nohost_nf.a(__sys_seek.o)
 .debug_ranges  0x00001128       0x10 C:/nxp/MCUXpressoIDE_25.6.136/ide/plugins/com.nxp.mcuxpresso.tools.win32_25.6.0.202501151204/tools/bin/../lib/gcc/arm-none-eabi/14.2.1/../../../../arm-none-eabi/lib/thumb/v8-m.main/nofp\libcr_nohost_nf.a(__sys_tmpnam.o)
 .debug_ranges  0x00001138       0x10 C:/nxp/MCUXpressoIDE_25.6.136/ide/plugins/com.nxp.mcuxpresso.tools.win32_25.6.0.202501151204/tools/bin/../lib/gcc/arm-none-eabi/14.2.1/../../../../arm-none-eabi/lib/thumb/v8-m.main/nofp\libcr_nohost_nf.a(__sys_write.o)

.debug_macro    0x00000000    0x17cf8
 .debug_macro   0x00000000      0x2e9 ./utilities/str/fsl_str.o
 .debug_macro   0x000002e9      0xb08 ./utilities/str/fsl_str.o
 .debug_macro   0x00000df1       0x10 ./utilities/str/fsl_str.o
 .debug_macro   0x00000e01       0xc4 ./utilities/str/fsl_str.o
 .debug_macro   0x00000ec5       0x1c ./utilities/str/fsl_str.o
 .debug_macro   0x00000ee1      0x12e ./utilities/str/fsl_str.o
 .debug_macro   0x0000100f       0x28 ./utilities/str/fsl_str.o
 .debug_macro   0x00001037      0x1c7 ./utilities/str/fsl_str.o
 .debug_macro   0x000011fe       0x16 ./utilities/str/fsl_str.o
 .debug_macro   0x00001214       0x22 ./utilities/str/fsl_str.o
 .debug_macro   0x00001236      0x5b3 ./utilities/str/fsl_str.o
 .debug_macro   0x000017e9       0x46 ./utilities/str/fsl_str.o
 .debug_macro   0x0000182f       0x2e ./utilities/str/fsl_str.o
 .debug_macro   0x0000185d       0x18 ./utilities/str/fsl_str.o
 .debug_macro   0x00001875       0x4a ./utilities/str/fsl_str.o
 .debug_macro   0x000018bf       0xc2 ./utilities/str/fsl_str.o
 .debug_macro   0x00001981       0x28 ./utilities/str/fsl_str.o
 .debug_macro   0x000019a9     0x156d ./utilities/str/fsl_str.o
 .debug_macro   0x00002f16       0x2e ./utilities/str/fsl_str.o
 .debug_macro   0x00002f44      0x920 ./utilities/str/fsl_str.o
 .debug_macro   0x00003864      0x5ec ./utilities/str/fsl_str.o
 .debug_macro   0x00003e50      0x7ec ./utilities/str/fsl_str.o
 .debug_macro   0x0000463c      0x16e ./utilities/str/fsl_str.o
 .debug_macro   0x000047aa      0x313 ./utilities/str/fsl_str.o
 .debug_macro   0x00004abd      0x5b0 ./utilities/str/fsl_str.o
 .debug_macro   0x0000506d      0x256 ./utilities/str/fsl_str.o
 .debug_macro   0x000052c3      0x532 ./utilities/str/fsl_str.o
 .debug_macro   0x000057f5       0xc7 ./utilities/str/fsl_str.o
 .debug_macro   0x000058bc      0x795 ./utilities/str/fsl_str.o
 .debug_macro   0x00006051       0x6a ./utilities/str/fsl_str.o
 .debug_macro   0x000060bb      0x83e ./utilities/str/fsl_str.o
 .debug_macro   0x000068f9      0x10c ./utilities/str/fsl_str.o
 .debug_macro   0x00006a05       0x49 ./utilities/str/fsl_str.o
 .debug_macro   0x00006a4e      0x1f3 ./utilities/str/fsl_str.o
 .debug_macro   0x00006c41     0x1ab3 ./utilities/str/fsl_str.o
 .debug_macro   0x000086f4      0x1ed ./utilities/str/fsl_str.o