../drivers/fsl_lpspi.h:533:20:LPSPI_Enable	16	static
../drivers/fsl_lpspi.h:588:23:LPSPI_GetRxFifoSize	16	static
../drivers/fsl_lpspi.h:608:24:LPSPI_GetRxFifoCount	16	static
../drivers/fsl_lpspi.h:626:20:LPSPI_ClearStatusFlags	16	static
../drivers/fsl_lpspi.h:640:24:LPSPI_GetTcr	32	static
../drivers/fsl_lpspi.h:696:20:LPSPI_DisableInterrupts	16	static
../drivers/fsl_lpspi.h:721:20:LPSPI_EnableDMA	16	static
../drivers/fsl_lpspi.h:737:20:LPSPI_DisableDMA	16	static
../drivers/fsl_lpspi.h:752:24:LPSPI_GetTxRegisterAddress	16	static
../drivers/fsl_lpspi.h:767:24:LPSPI_GetRxRegisterAddress	16	static
../drivers/fsl_lpspi.h:826:20:LPSPI_SetPCSContinous	24	static
../drivers/fsl_lpspi.h:857:20:LPSPI_FlushFifo	16	static
../drivers/fsl_lpspi.h:906:20:LPSPI_SetFifoWatermarks	24	static
../drivers/fsl_lpspi.h:1065:24:LPSPI_ReadData	16	static
../drivers/fsl_lpspi_edma.c:91:13:LPSPI_SeparateEdmaReadData	24	static
../drivers/fsl_lpspi_edma.c:156:6:LPSPI_MasterTransferCreateHandleEDMA	32	static
../drivers/fsl_lpspi_edma.c:183:13:LPSPI_PrepareTransferEDMA	16	static
../drivers/fsl_lpspi_edma.c:204:10:LPSPI_MasterTransferPrepareEDMALite	48	static
../drivers/fsl_lpspi_edma.c:297:10:LPSPI_MasterTransferEDMALite	200	static
../drivers/fsl_lpspi_edma.c:680:10:LPSPI_MasterTransferEDMA	32	static
../drivers/fsl_lpspi_edma.c:691:13:EDMA_LpspiMasterCallback	64	static
../drivers/fsl_lpspi_edma.c:823:6:LPSPI_MasterTransferAbortEDMA	16	static
../drivers/fsl_lpspi_edma.c:845:10:LPSPI_MasterTransferGetCountEDMA	40	static
../drivers/fsl_lpspi_edma.c:892:6:LPSPI_SlaveTransferCreateHandleEDMA	32	static
../drivers/fsl_lpspi_edma.c:935:10:LPSPI_SlaveTransferEDMA	200	static
../drivers/fsl_lpspi_edma.c:1249:13:EDMA_LpspiSlaveCallback	56	static
../drivers/fsl_lpspi_edma.c:1316:6:LPSPI_SlaveTransferAbortEDMA	16	static
../drivers/fsl_lpspi_edma.c:1338:10:LPSPI_SlaveTransferGetCountEDMA	40	static
