D:\ProgramData\MCUX\MCXA153_Project3\drivers/fsl_clock.h:539:20:CLOCK_EnableClock	32	static
D:\ProgramData\MCUX\MCXA153_Project3\drivers/fsl_reset.h:204:20:RESET_ReleasePeripheralReset	16	static
D:\ProgramData\MCUX\MCXA153_Project3\drivers/fsl_gpio.h:345:20:GPIO_PinWrite	24	static
../source/display.c:52:13:delay_ms	24	static
../source/display.c:62:13:spi_write_buf	32	static
../source/display.c:73:13:spi_write_byte	16	static
../source/display.c:78:13:write_cmd	16	static
../source/display.c:85:13:write_data	16	static
../source/display.c:92:13:write_data_buf	16	static
../source/display.c:99:13:set_addr_window	32	static
../source/display.c:117:13:gpio_init	16	static
../source/display.c:130:13:spi_init	40	static
../source/display.c:155:13:st7735_init_seq	64	static
../source/display.c:192:6:Display_Init	8	static
../source/display.c:199:6:Display_FillRect	296	static
../source/display.c:222:6:Display_FillScreen	24	static
../source/display.c:227:6:Display_DrawPixel	24	static
../source/display.c:268:6:Display_DrawChar	152	static
../source/display.c:306:6:Display_DrawString	40	static
../source/display.c:316:6:Display_BlitRect	40	static
