../source/gfx.c:31:6:GFX_Init	8	static
../source/gfx.c:40:19:fb_idx	16	static
../source/gfx.c:42:6:GFX_SetPixel	32	static
../source/gfx.c:50:13:GFX_GetPixel	24	static
../source/gfx.c:57:6:GFX_Clear	24	static
../source/gfx.c:64:6:GFX_DrawHLine	32	static
../source/gfx.c:74:6:GFX_DrawVLine	32	static
../source/gfx.c:83:6:GFX_FillRect	32	static
../source/gfx.c:95:6:GFX_DrawRect	24	static
../source/gfx.c:104:6:GFX_DrawLine	48	static
../source/gfx.c:122:6:GFX_DrawCircle	40	static
../source/gfx.c:141:6:GFX_FillCircle	40	static
../source/gfx.c:247:6:GFX_DrawChar	56	static
../source/gfx.c:266:6:GFX_DrawString	40	static
../source/gfx.c:279:6:GFX_DrawSprite	40	static
../source/gfx.c:296:6:GFX_Flush	32	static
